Component: ARM Compiler 6.16 Tool: armlink [5dfeaa00]

==============================================================================

Section Cross References

    main.o(.text.Taskl) refers to main.o(.bss.xQueue2) for xQueue2
    main.o(.text.Taskl) refers to queue.o(.text.xQueueReceive) for xQueueReceive
    main.o(.text.Taskl) refers to tasks.o(.text.xTaskGetTickCount) for xTaskGetTickCount
    main.o(.text.Taskl) refers to main.o(.bss.xQueue1) for xQueue1
    main.o(.text.Taskl) refers to queue.o(.text.xQueueGenericSend) for xQueueGenericSend
    main.o(.text.Taskl) refers to tasks.o(.text.vTaskDelayUntil) for vTaskDelayUntil
    main.o(.ARM.exidx.text.Taskl) refers to main.o(.text.Taskl) for [Anonymous Symbol]
    main.o(.text.Read_From_Keyboard) refers to uart_module.o(.text.UART_Data_Ready) for UART_Data_Ready
    main.o(.text.Read_From_Keyboard) refers to uart_module.o(.text.UART_receive) for UART_receive
    main.o(.text.Read_From_Keyboard) refers to uart_module.o(.text.UART_send) for UART_send
    main.o(.ARM.exidx.text.Read_From_Keyboard) refers to main.o(.text.Read_From_Keyboard) for [Anonymous Symbol]
    main.o(.text.Read_Time) refers to uart_module.o(.text.UART_receive) for UART_receive
    main.o(.text.Read_Time) refers to uart_module.o(.text.UART_send) for UART_send
    main.o(.ARM.exidx.text.Read_Time) refers to main.o(.text.Read_Time) for [Anonymous Symbol]
    main.o(.text.Task2) refers to lcd_module.o(.text.LCD_init) for LCD_init
    main.o(.text.Task2) refers to lcd_module.o(.text.LCD_clear) for LCD_clear
    main.o(.text.Task2) refers to main.o(.bss.selection) for selection
    main.o(.text.Task2) refers to main.o(.bss.xQueue1) for xQueue1
    main.o(.text.Task2) refers to main.o(.data.cities) for cities
    main.o(.text.Task2) refers to main.o(.data.timediff) for timediff
    main.o(.text.Task2) refers to main.o(.rodata.str1.1) for .L.str
    main.o(.text.Task2) refers to queue.o(.text.xQueueReceive) for xQueueReceive
    main.o(.text.Task2) refers to lcd_module.o(.text.LCD_print) for LCD_print
    main.o(.text.Task2) refers to lcd_module.o(.text.LCD_secondLine) for LCD_secondLine
    main.o(.text.Task2) refers to main.o(.text.ByteToStr) for ByteToStr
    main.o(.ARM.exidx.text.Task2) refers to main.o(.text.Task2) for [Anonymous Symbol]
    main.o(.ARM.exidx.text.ByteToStr) refers to main.o(.text.ByteToStr) for [Anonymous Symbol]
    main.o(.text.Task3) refers to uart_module.o(.text.UART_init) for UART_init
    main.o(.text.Task3) refers to uart_module.o(.text.UART_send_string) for UART_send_string
    main.o(.text.Task3) refers to main.o(.text.Read_Time) for Read_Time
    main.o(.text.Task3) refers to main.o(.bss.xQueue2) for xQueue2
    main.o(.text.Task3) refers to queue.o(.text.xQueueGenericSend) for xQueueGenericSend
    main.o(.text.Task3) refers to main.o(.data.cities) for cities
    main.o(.text.Task3) refers to main.o(.bss.selection) for selection
    main.o(.text.Task3) refers to uart_module.o(.text.UART_send) for UART_send
    main.o(.text.Task3) refers to main.o(.text.Read_From_Keyboard) for Read_From_Keyboard
    main.o(.ARM.exidx.text.Task3) refers to main.o(.text.Task3) for [Anonymous Symbol]
    main.o(.text.main) refers to queue.o(.text.xQueueGenericCreate) for xQueueGenericCreate
    main.o(.text.main) refers to main.o(.bss.xQueue1) for xQueue1
    main.o(.text.main) refers to main.o(.bss.xQueue2) for xQueue2
    main.o(.text.main) refers to main.o(.text.Taskl) for Taskl
    main.o(.text.main) refers to tasks.o(.text.xTaskCreate) for xTaskCreate
    main.o(.text.main) refers to main.o(.text.Task2) for Task2
    main.o(.text.main) refers to main.o(.text.Task3) for Task3
    main.o(.text.main) refers to tasks.o(.text.vTaskStartScheduler) for vTaskStartScheduler
    main.o(.ARM.exidx.text.main) refers to main.o(.text.main) for [Anonymous Symbol]
    lcd_module.o(.text.LCD_command) refers to gpio.o(i.GPIOPinWrite) for GPIOPinWrite
    lcd_module.o(.text.LCD_command) refers to lcd_module.o(.text.delay_ms) for delay_ms
    lcd_module.o(.ARM.exidx.text.LCD_command) refers to lcd_module.o(.text.LCD_command) for [Anonymous Symbol]
    lcd_module.o(.text.delay_ms) refers to tasks.o(.text.vTaskDelay) for vTaskDelay
    lcd_module.o(.ARM.exidx.text.delay_ms) refers to lcd_module.o(.text.delay_ms) for [Anonymous Symbol]
    lcd_module.o(.text.LCD_write) refers to gpio.o(i.GPIOPinWrite) for GPIOPinWrite
    lcd_module.o(.text.LCD_write) refers to lcd_module.o(.text.delay_ms) for delay_ms
    lcd_module.o(.ARM.exidx.text.LCD_write) refers to lcd_module.o(.text.LCD_write) for [Anonymous Symbol]
    lcd_module.o(.text.LCD_clear) refers to lcd_module.o(.text.LCD_command) for LCD_command
    lcd_module.o(.ARM.exidx.text.LCD_clear) refers to lcd_module.o(.text.LCD_clear) for [Anonymous Symbol]
    lcd_module.o(.text.LCD_secondLine) refers to lcd_module.o(.text.LCD_command) for LCD_command
[...]
    ../clib/angel/kernel.s                   0x00000000   Number         0  __rtentry4.o ABSOLUTE
    ../clib/angel/kernel.s                   0x00000000   Number         0  rtexit.o ABSOLUTE
    ../clib/angel/kernel.s                   0x00000000   Number         0  rtexit2.o ABSOLUTE
    ../clib/angel/rt.s                       0x00000000   Number         0  rt_raise.o ABSOLUTE
    ../clib/angel/scatter.s                  0x00000000   Number         0  __scatter.o ABSOLUTE
    ../clib/angel/startup.s                  0x00000000   Number         0  __main.o ABSOLUTE
    ../clib/angel/sys.s                      0x00000000   Number         0  sys_stackheap_outer.o ABSOLUTE
    ../clib/angel/sys.s                      0x00000000   Number         0  libspace.o ABSOLUTE
    ../clib/angel/sys.s                      0x00000000   Number         0  use_no_semi.o ABSOLUTE
    ../clib/angel/sys.s                      0x00000000   Number         0  indicate_semi.o ABSOLUTE
    ../clib/angel/sysapp.c                   0x00000000   Number         0  sys_exit.o ABSOLUTE
    ../clib/angel/sysapp.c                   0x00000000   Number         0  sys_exit_hlt.o ABSOLUTE
    ../clib/angel/sysapp.c                   0x00000000   Number         0  sys_command.o ABSOLUTE
    ../clib/angel/sysapp.c                   0x00000000   Number         0  sys_command_hlt.o ABSOLUTE
    ../clib/angel/sysapp.c                   0x00000000   Number         0  sys_wrch.o ABSOLUTE
    ../clib/angel/sysapp.c                   0x00000000   Number         0  sys_wrch_hlt.o ABSOLUTE
    ../clib/armsys.c                         0x00000000   Number         0  argv_veneer.o ABSOLUTE
    ../clib/armsys.c                         0x00000000   Number         0  argv_veneer.o ABSOLUTE
    ../clib/armsys.c                         0x00000000   Number         0  _get_argv_nomalloc.o ABSOLUTE
    ../clib/armsys.c                         0x00000000   Number         0  no_argv.o ABSOLUTE
    ../clib/heapalloc.c                      0x00000000   Number         0  hrguard.o ABSOLUTE
    ../clib/heapaux.c                        0x00000000   Number         0  heapauxi.o ABSOLUTE
    ../clib/libinit.s                        0x00000000   Number         0  libinit.o ABSOLUTE
    ../clib/libinit.s                        0x00000000   Number         0  libinit2.o ABSOLUTE
    ../clib/libinit.s                        0x00000000   Number         0  libshutdown.o ABSOLUTE
    ../clib/libinit.s                        0x00000000   Number         0  libshutdown2.o ABSOLUTE
    ../clib/memcpset.s                       0x00000000   Number         0  rt_memcpy_v6.o ABSOLUTE
    ../clib/memcpset.s                       0x00000000   Number         0  aeabi_memset4.o ABSOLUTE
    ../clib/memcpset.s                       0x00000000   Number         0  rt_memcpy_w.o ABSOLUTE
    ../clib/memcpset.s                       0x00000000   Number         0  rt_memclr_w.o ABSOLUTE
    ../clib/signal.c                         0x00000000   Number         0  defsig_rtmem_outer.o ABSOLUTE
    ../clib/signal.c                         0x00000000   Number         0  defsig_rtmem_formal.o ABSOLUTE
    ../clib/signal.c                         0x00000000   Number         0  defsig_exit.o ABSOLUTE
    ../clib/signal.c                         0x00000000   Number         0  defsig_rtmem_inner.o ABSOLUTE
    ../clib/signal.c                         0x00000000   Number         0  __raise.o ABSOLUTE
    ../clib/signal.c                         0x00000000   Number         0  defsig_general.o ABSOLUTE
    ../clib/signal.c                         0x00000000   Number         0  defsig_abrt_inner.o ABSOLUTE
    ../clib/signal.c                         0x00000000   Number         0  defsig_fpe_inner.o ABSOLUTE
    ../clib/signal.c                         0x00000000   Number         0  defsig_rtred_inner.o ABSOLUTE
    ../clib/signal.c                         0x00000000   Number         0  defsig_stak_inner.o ABSOLUTE
    ../clib/signal.c                         0x00000000   Number         0  defsig_pvfn_inner.o ABSOLUTE
    ../clib/signal.c                         0x00000000   Number         0  defsig_cppl_inner.o ABSOLUTE
    ../clib/signal.c                         0x00000000   Number         0  defsig_segv_inner.o ABSOLUTE
    ../clib/signal.c                         0x00000000   Number         0  defsig_other.o ABSOLUTE
    ../clib/signal.s                         0x00000000   Number         0  defsig.o ABSOLUTE
    ../clib/stdlib.c                         0x00000000   Number         0  exit.o ABSOLUTE
    ../clib/string.c                         0x00000000   Number         0  strlen.o ABSOLUTE
    ../fplib/fpinit.s                        0x00000000   Number         0  fpinit.o ABSOLUTE
    RTE/Device/TM4C123GH6PM/startup_TM4C123.s 0x00000000   Number         0  startup_tm4c123.o ABSOLUTE
    cpu.c                                    0x00000000   Number         0  cpu.o ABSOLUTE
    cpu.c                                    0x00000000   Number         0  cpu.o ABSOLUTE
    dc.s                                     0x00000000   Number         0  dc.o ABSOLUTE
    freertos_evr.c                           0x00000000   Number         0  freertos_evr.o ABSOLUTE
    gpio.c                                   0x00000000   Number         0  gpio.o ABSOLUTE
    heap_1.c                                 0x00000000   Number         0  heap_1.o ABSOLUTE
    interrupt.c                              0x00000000   Number         0  interrupt.o ABSOLUTE
    lcd_module.c                             0x00000000   Number         0  lcd_module.o ABSOLUTE
    list.c                                   0x00000000   Number         0  list.o ABSOLUTE
    main.c                                   0x00000000   Number         0  main.o ABSOLUTE
    port.c                                   0x00000000   Number         0  port.o ABSOLUTE
    queue.c                                  0x00000000   Number         0  queue.o ABSOLUTE
    sysctl.c                                 0x00000000   Number         0  sysctl.o ABSOLUTE
    sysctl.c                                 0x00000000   Number         0  sysctl.o ABSOLUTE
    system_TM4C123.c                         0x00000000   Number         0  system_tm4c123.o ABSOLUTE
    tasks.c                                  0x00000000   Number         0  tasks.o ABSOLUTE
    uart.c                                   0x00000000   Number         0  uart.o ABSOLUTE
    uart_module.c                            0x00000000   Number         0  uart_module.o ABSOLUTE
    RESET                                    0x00000000   Section      620  startup_tm4c123.o(RESET)
    !!!main                                  0x0000026c   Section        8  __main.o(!!!main)
    !!!scatter                               0x00000274   Section       52  __scatter.o(!!!scatter)
    !!handler_copy                           0x000002a8   Section       26  __scatter_copy.o(!!handler_copy)
    !!handler_zi                             0x000002c4   Section       28  __scatter_zi.o(!!handler_zi)
    .ARM.Collect$$libinit$$00000000          0x000002e0   Section        2  libinit.o(.ARM.Collect$$libinit$$00000000)
    .ARM.Collect$$libinit$$00000001          0x000002e2   Section        4  libinit2.o(.ARM.Collect$$libinit$$00000001)
    .ARM.Collect$$libinit$$00000004          0x000002e6   Section        0  libinit2.o(.ARM.Collect$$libinit$$00000004)
    .ARM.Collect$$libinit$$0000000A          0x000002e6   Section        0  libinit2.o(.ARM.Collect$$libinit$$0000000A)
    .ARM.Collect$$libinit$$0000000C          0x000002e6   Section        0  libinit2.o(.ARM.Collect$$libinit$$0000000C)
    .ARM.Collect$$libinit$$0000000E          0x000002e6   Section        0  libinit2.o(.ARM.Collect$$libinit$$0000000E)
    .ARM.Collect$$libinit$$00000011          0x000002e6   Section        0  libinit2.o(.ARM.Collect$$libinit$$00000011)
    .ARM.Collect$$libinit$$00000013          0x000002e6   Section        0  libinit2.o(.ARM.Collect$$libinit$$00000013)
    .ARM.Collect$$libinit$$00000015          0x000002e6   Section        0  libinit2.o(.ARM.Collect$$libinit$$00000015)
    .ARM.Collect$$libinit$$00000017          0x000002e6   Section        0  libinit2.o(.ARM.Collect$$libinit$$00000017)
    .ARM.Collect$$libinit$$00000019          0x000002e6   Section        0  libinit2.o(.ARM.Collect$$libinit$$00000019)
    .ARM.Collect$$libinit$$0000001B          0x000002e6   Section        0  libinit2.o(.ARM.Collect$$libinit$$0000001B)
    .ARM.Collect$$libinit$$0000001D          0x000002e6   Section        0  libinit2.o(.ARM.Collect$$libinit$$0000001D)
    .ARM.Collect$$libinit$$0000001F          0x000002e6   Section        0  libinit2.o(.ARM.Collect$$libinit$$0000001F)
    .ARM.Collect$$libinit$$00000021          0x000002e6   Section        0  libinit2.o(.ARM.Collect$$libinit$$00000021)
    .ARM.Collect$$libinit$$00000023          0x000002e6   Section        0  libinit2.o(.ARM.Collect$$libinit$$00000023)
    .ARM.Collect$$libinit$$00000025          0x000002e6   Section        0  libinit2.o(.ARM.Collect$$libinit$$00000025)
    .ARM.Collect$$libinit$$0000002C          0x000002e6   Section        0  libinit2.o(.ARM.Collect$$libinit$$0000002C)
    .ARM.Collect$$libinit$$0000002E          0x000002e6   Section        0  libinit2.o(.ARM.Collect$$libinit$$0000002E)
    .ARM.Collect$$libinit$$00000030          0x000002e6   Section        0  libinit2.o(.ARM.Collect$$libinit$$00000030)
    .ARM.Collect$$libinit$$00000032          0x000002e6   Section        0  libinit2.o(.ARM.Collect$$libinit$$00000032)
    .ARM.Collect$$libinit$$00000033          0x000002e6   Section        2  libinit2.o(.ARM.Collect$$libinit$$00000033)
    .ARM.Collect$$libshutdown$$00000000      0x000002e8   Section        2  libshutdown.o(.ARM.Collect$$libshutdown$$00000000)
    .ARM.Collect$$libshutdown$$00000002      0x000002ea   Section        0  libshutdown2.o(.ARM.Collect$$libshutdown$$00000002)
    .ARM.Collect$$libshutdown$$00000004      0x000002ea   Section        0  libshutdown2.o(.ARM.Collect$$libshutdown$$00000004)
    .ARM.Collect$$libshutdown$$00000007      0x000002ea   Section        0  libshutdown2.o(.ARM.Collect$$libshutdown$$00000007)
    .ARM.Collect$$libshutdown$$0000000A      0x000002ea   Section        0  libshutdown2.o(.ARM.Collect$$libshutdown$$0000000A)
    .ARM.Collect$$libshutdown$$0000000C      0x000002ea   Section        0  libshutdown2.o(.ARM.Collect$$libshutdown$$0000000C)
    .ARM.Collect$$libshutdown$$0000000F      0x000002ea   Section        0  libshutdown2.o(.ARM.Collect$$libshutdown$$0000000F)
    .ARM.Collect$$libshutdown$$00000010      0x000002ea   Section        2  libshutdown2.o(.ARM.Collect$$libshutdown$$00000010)
    .ARM.Collect$$rtentry$$00000000          0x000002ec   Section        0  __rtentry.o(.ARM.Collect$$rtentry$$00000000)
    .ARM.Collect$$rtentry$$00000002          0x000002ec   Section        0  __rtentry2.o(.ARM.Collect$$rtentry$$00000002)
    .ARM.Collect$$rtentry$$00000004          0x000002ec   Section        6  __rtentry4.o(.ARM.Collect$$rtentry$$00000004)
    .ARM.Collect$$rtentry$$00000009          0x000002f2   Section        0  __rtentry2.o(.ARM.Collect$$rtentry$$00000009)
    .ARM.Collect$$rtentry$$0000000A          0x000002f2   Section        4  __rtentry2.o(.ARM.Collect$$rtentry$$0000000A)
    .ARM.Collect$$rtentry$$0000000C          0x000002f6   Section        0  __rtentry2.o(.ARM.Collect$$rtentry$$0000000C)
    .ARM.Collect$$rtentry$$0000000D          0x000002f6   Section        8  __rtentry2.o(.ARM.Collect$$rtentry$$0000000D)
    .ARM.Collect$$rtexit$$00000000           0x000002fe   Section        2  rtexit.o(.ARM.Collect$$rtexit$$00000000)
    .ARM.Collect$$rtexit$$00000002           0x00000300   Section        0  rtexit2.o(.ARM.Collect$$rtexit$$00000002)
    .ARM.Collect$$rtexit$$00000003           0x00000300   Section        4  rtexit2.o(.ARM.Collect$$rtexit$$00000003)
    .ARM.Collect$$rtexit$$00000004           0x00000304   Section        6  rtexit2.o(.ARM.Collect$$rtexit$$00000004)
    $v0                                      0x0000030c   Number         0  startup_tm4c123.o(.text)
    .text                                    0x0000030c   Section      276  startup_tm4c123.o(.text)
    .text                                    0x00000420   Section      138  rt_memcpy_v6.o(.text)
    .text                                    0x000004aa   Section       16  aeabi_memset4.o(.text)
    .text                                    0x000004ba   Section        0  heapauxi.o(.text)
    .text                                    0x000004c0   Section      100  rt_memcpy_w.o(.text)
    .text                                    0x00000524   Section       78  rt_memclr_w.o(.text)
    .text                                    0x00000572   Section       74  sys_stackheap_outer.o(.text)
    .text                                    0x000005bc   Section        0  exit.o(.text)
    .text                                    0x000005d0   Section        8  libspace.o(.text)
    .text                                    0x000005d8   Section        0  sys_exit.o(.text)
    .text                                    0x000005e4   Section        2  use_no_semi.o(.text)
    .text                                    0x000005e6   Section        0  indicate_semi.o(.text)
    [Anonymous Symbol]                       0x000005e8   Section        0  main.o(.text.ByteToStr)
    [Anonymous Symbol]                       0x00000624   Section        0  lcd_module.o(.text.LCD_clear)
    [Anonymous Symbol]                       0x00000630   Section        0  lcd_module.o(.text.LCD_command)
    [Anonymous Symbol]                       0x0000067c   Section        0  lcd_module.o(.text.LCD_init)
    [Anonymous Symbol]                       0x0000068c   Section        0  lcd_module.o(.text.LCD_print)
    [Anonymous Symbol]                       0x000006a8   Section        0  lcd_module.o(.text.LCD_secondLine)
    [Anonymous Symbol]                       0x000006b4   Section        0  lcd_module.o(.text.LCD_start)
    [Anonymous Symbol]                       0x000006fc   Section        0  lcd_module.o(.text.LCD_write)
    [Anonymous Symbol]                       0x00000750   Section        0  port.o(.text.PendSV_Handler)
    pxCurrentTCBConst                        0x000007b0   Number         0  port.o(.text.PendSV_Handler)
    [Anonymous Symbol]                       0x000007b4   Section        0  main.o(.text.Read_From_Keyboard)
    [Anonymous Symbol]                       0x000007e4   Section        0  main.o(.text.Read_Time)
    [Anonymous Symbol]                       0x00000820   Section        0  port.o(.text.SVC_Handler)
    pxCurrentTCBConst2                       0x00000840   Number         0  port.o(.text.SVC_Handler)
    [Anonymous Symbol]                       0x00000844   Section        0  port.o(.text.SysTick_Handler)
    [Anonymous Symbol]                       0x00000874   Section        0  system_tm4c123.o(.text.SystemInit)
    [Anonymous Symbol]                       0x000008e4   Section        0  main.o(.text.Task2)
    [Anonymous Symbol]                       0x000009a4   Section        0  main.o(.text.Task3)
    [Anonymous Symbol]                       0x00000b10   Section        0  main.o(.text.Taskl)
    [Anonymous Symbol]                       0x00000b90   Section        0  uart_module.o(.text.UART_Data_Ready)
    [Anonymous Symbol]                       0x00000ba8   Section        0  uart_module.o(.text.UART_init)
    [Anonymous Symbol]                       0x00000c08   Section        0  uart_module.o(.text.UART_receive)
    [Anonymous Symbol]                       0x00000c1c   Section        0  uart_module.o(.text.UART_send)
    [Anonymous Symbol]                       0x00000c30   Section        0  uart_module.o(.text.UART_send_string)
    [Anonymous Symbol]                       0x00000c4c   Section        0  lcd_module.o(.text.delay_ms)
    [Anonymous Symbol]                       0x00000c68   Section        0  tasks.o(.text.eTaskConfirmSleepModeStatus)
    [Anonymous Symbol]                       0x00000ca4   Section        0  lcd_module.o(.text.initCtrlPort)
    [Anonymous Symbol]                       0x00000cdc   Section        0  lcd_module.o(.text.initDataPort)
    [Anonymous Symbol]                       0x00000d18   Section        0  main.o(.text.main)
    prvAddCurrentTaskToDelayedList           0x00000dc9   Thumb Code   170  tasks.o(.text.prvAddCurrentTaskToDelayedList)
    [Anonymous Symbol]                       0x00000dc8   Section        0  tasks.o(.text.prvAddCurrentTaskToDelayedList)
    prvAddNewTaskToReadyList                 0x00000e75   Thumb Code   174  tasks.o(.text.prvAddNewTaskToReadyList)
    [Anonymous Symbol]                       0x00000e74   Section        0  tasks.o(.text.prvAddNewTaskToReadyList)
    prvCheckTasksWaitingTermination          0x00000f25   Thumb Code    78  tasks.o(.text.prvCheckTasksWaitingTermination)
    [Anonymous Symbol]                       0x00000f24   Section        0  tasks.o(.text.prvCheckTasksWaitingTermination)
    prvCopyDataFromQueue                     0x00000f75   Thumb Code    38  queue.o(.text.prvCopyDataFromQueue)
    [Anonymous Symbol]                       0x00000f74   Section        0  queue.o(.text.prvCopyDataFromQueue)
    prvCopyDataToQueue                       0x00000f9d   Thumb Code   122  queue.o(.text.prvCopyDataToQueue)
    [Anonymous Symbol]                       0x00000f9c   Section        0  queue.o(.text.prvCopyDataToQueue)
    prvDeleteTCB                             0x00001019   Thumb Code    18  tasks.o(.text.prvDeleteTCB)
    [Anonymous Symbol]                       0x00001018   Section        0  tasks.o(.text.prvDeleteTCB)
    prvGetExpectedIdleTime                   0x0000102d   Thumb Code    68  tasks.o(.text.prvGetExpectedIdleTime)
    [Anonymous Symbol]                       0x0000102c   Section        0  tasks.o(.text.prvGetExpectedIdleTime)
    prvIdleTask                              0x00001071   Thumb Code   114  tasks.o(.text.prvIdleTask)
    [Anonymous Symbol]                       0x00001070   Section        0  tasks.o(.text.prvIdleTask)
    prvInitialiseNewQueue                    0x000010e5   Thumb Code    36  queue.o(.text.prvInitialiseNewQueue)
    [Anonymous Symbol]                       0x000010e4   Section        0  queue.o(.text.prvInitialiseNewQueue)
    prvInitialiseNewTask                     0x00001109   Thumb Code   156  tasks.o(.text.prvInitialiseNewTask)
    [Anonymous Symbol]                       0x00001108   Section        0  tasks.o(.text.prvInitialiseNewTask)
    prvInitialiseTaskLists                   0x000011a5   Thumb Code   110  tasks.o(.text.prvInitialiseTaskLists)
    [Anonymous Symbol]                       0x000011a4   Section        0  tasks.o(.text.prvInitialiseTaskLists)
    prvIsQueueEmpty                          0x00001215   Thumb Code    24  queue.o(.text.prvIsQueueEmpty)
    [Anonymous Symbol]                       0x00001214   Section        0  queue.o(.text.prvIsQueueEmpty)
    prvIsQueueFull                           0x0000122d   Thumb Code    28  queue.o(.text.prvIsQueueFull)
    [Anonymous Symbol]                       0x0000122c   Section        0  queue.o(.text.prvIsQueueFull)
    prvNotifyQueueSetContainer               0x00001249   Thumb Code   118  queue.o(.text.prvNotifyQueueSetContainer)
    [Anonymous Symbol]                       0x00001248   Section        0  queue.o(.text.prvNotifyQueueSetContainer)
    prvPortStartFirstTask                    0x000012c1   Thumb Code    34  port.o(.text.prvPortStartFirstTask)
    [Anonymous Symbol]                       0x000012c0   Section        0  port.o(.text.prvPortStartFirstTask)
    prvResetNextTaskUnblockTime              0x000012e9   Thumb Code    40  tasks.o(.text.prvResetNextTaskUnblockTime)
    [Anonymous Symbol]                       0x000012e8   Section        0  tasks.o(.text.prvResetNextTaskUnblockTime)
    prvTaskExitError                         0x00001311   Thumb Code    50  port.o(.text.prvTaskExitError)
    [Anonymous Symbol]                       0x00001310   Section        0  port.o(.text.prvTaskExitError)
    prvUnlockQueue                           0x00001345   Thumb Code   134  queue.o(.text.prvUnlockQueue)
    [Anonymous Symbol]                       0x00001344   Section        0  queue.o(.text.prvUnlockQueue)
    [Anonymous Symbol]                       0x000013cc   Section        0  heap_1.o(.text.pvPortMalloc)
    [Anonymous Symbol]                       0x00001428   Section        0  port.o(.text.pxPortInitialiseStack)
    [Anonymous Symbol]                       0x00001450   Section        0  list.o(.text.uxListRemove)
    [Anonymous Symbol]                       0x00001474   Section        0  list.o(.text.vListInitialise)
    [Anonymous Symbol]                       0x0000148c   Section        0  list.o(.text.vListInitialiseItem)
    [Anonymous Symbol]                       0x00001494   Section        0  list.o(.text.vListInsert)
    [Anonymous Symbol]                       0x000014d0   Section        0  list.o(.text.vListInsertEnd)
    vPortEnableVFP                           0x000014ed   Thumb Code    14  port.o(.text.vPortEnableVFP)
    [Anonymous Symbol]                       0x000014ec   Section        0  port.o(.text.vPortEnableVFP)
    [Anonymous Symbol]                       0x00001500   Section        0  port.o(.text.vPortEnterCritical)
    [Anonymous Symbol]                       0x00001548   Section        0  port.o(.text.vPortExitCritical)
    [Anonymous Symbol]                       0x00001578   Section        0  heap_1.o(.text.vPortFree)
    [Anonymous Symbol]                       0x00001594   Section        0  port.o(.text.vPortSetupTimerInterrupt)
    [Anonymous Symbol]                       0x000015f8   Section        0  port.o(.text.vPortSuppressTicksAndSleep)
    [Anonymous Symbol]                       0x0000170c   Section        0  tasks.o(.text.vTaskDelay)
    [Anonymous Symbol]                       0x00001760   Section        0  tasks.o(.text.vTaskDelayUntil)
    [Anonymous Symbol]                       0x00001808   Section        0  tasks.o(.text.vTaskInternalSetTimeOutState)
    [Anonymous Symbol]                       0x00001824   Section        0  tasks.o(.text.vTaskMissedYield)
    [Anonymous Symbol]                       0x00001834   Section        0  tasks.o(.text.vTaskPlaceOnEventList)
    [Anonymous Symbol]                       0x00001868   Section        0  tasks.o(.text.vTaskStartScheduler)
    [Anonymous Symbol]                       0x000018f0   Section        0  tasks.o(.text.vTaskStepTick)
    [Anonymous Symbol]                       0x00001928   Section        0  tasks.o(.text.vTaskSuspendAll)
    [Anonymous Symbol]                       0x00001938   Section        0  tasks.o(.text.vTaskSwitchContext)
    [Anonymous Symbol]                       0x000019c0   Section        0  port.o(.text.xPortStartScheduler)
    [Anonymous Symbol]                       0x00001ad4   Section        0  queue.o(.text.xQueueGenericCreate)
    [Anonymous Symbol]                       0x00001b18   Section        0  queue.o(.text.xQueueGenericReset)
    [Anonymous Symbol]                       0x00001b98   Section        0  queue.o(.text.xQueueGenericSend)
    [Anonymous Symbol]                       0x00001d68   Section        0  queue.o(.text.xQueueReceive)
    [Anonymous Symbol]                       0x00001eec   Section        0  tasks.o(.text.xTaskCheckForTimeOut)
    [Anonymous Symbol]                       0x00001f90   Section        0  tasks.o(.text.xTaskCreate)
    [Anonymous Symbol]                       0x00001ff0   Section        0  tasks.o(.text.xTaskGetSchedulerState)
    [Anonymous Symbol]                       0x00002018   Section        0  tasks.o(.text.xTaskGetTickCount)
    [Anonymous Symbol]                       0x00002024   Section        0  tasks.o(.text.xTaskIncrementTick)
    [Anonymous Symbol]                       0x00002188   Section        0  tasks.o(.text.xTaskPriorityDisinherit)
    [Anonymous Symbol]                       0x0000221c   Section        0  tasks.o(.text.xTaskRemoveFromEventList)
    [Anonymous Symbol]                       0x000022b8   Section        0  tasks.o(.text.xTaskResumeAll)
    i.GPIODirModeSet                         0x000023d0   Section        0  gpio.o(i.GPIODirModeSet)
    i.GPIOPadConfigSet                       0x000023f8   Section        0  gpio.o(i.GPIOPadConfigSet)
    i.GPIOPinConfigure                       0x00002568   Section        0  gpio.o(i.GPIOPinConfigure)
    i.GPIOPinTypeGPIOOutput                  0x000025ac   Section        0  gpio.o(i.GPIOPinTypeGPIOOutput)
    i.GPIOPinTypeUART                        0x000025c8   Section        0  gpio.o(i.GPIOPinTypeUART)
    i.GPIOPinWrite                           0x000025e4   Section        0  gpio.o(i.GPIOPinWrite)
    i.SysCtlClockGet                         0x000025ec   Section        0  sysctl.o(i.SysCtlClockGet)
    i.SysCtlPeripheralEnable                 0x00002740   Section        0  sysctl.o(i.SysCtlPeripheralEnable)
    i.SysCtlPeripheralReady                  0x00002768   Section        0  sysctl.o(i.SysCtlPeripheralReady)
    i.UARTClockSourceSet                     0x00002794   Section        0  uart.o(i.UARTClockSourceSet)
    i.UARTConfigSetExpClk                    0x0000279a   Section        0  uart.o(i.UARTConfigSetExpClk)
    $v0                                      0x00002808   Number         0  fpinit.o(x$fpl$fpinit)
    x$fpl$fpinit                             0x00002808   Section       26  fpinit.o(x$fpl$fpinit)
    g_ppui32GPIOIntMapBlizzard               0x00002824   Data         192  gpio.o(.constdata)
    .constdata                               0x00002824   Section      552  gpio.o(.constdata)
    g_ppui32GPIOIntMapSnowflake              0x000028e4   Data         216  gpio.o(.constdata)
    g_pui32GPIOBaseAddrs                     0x000029bc   Data         144  gpio.o(.constdata)
    g_pui32VCOFrequencies                    0x00002a4c   Data           8  sysctl.o(.constdata)
    .constdata                               0x00002a4c   Section      596  sysctl.o(.constdata)
    g_pui32Xtals                             0x00002a54   Data         108  sysctl.o(.constdata)
    g_pppui32XTALtoVCO                       0x00002ac0   Data         432  sysctl.o(.constdata)
    g_sXTALtoMEMTIM                          0x00002c70   Data          48  sysctl.o(.constdata)
    .L.str                                   0x00002ca0   Data           2  main.o(.rodata.str1.1)
    [Anonymous Symbol]                       0x00002ca0   Section        0  main.o(.rodata.str1.1)
    uxCriticalNesting                        0x20000074   Data           4  port.o(.data.uxCriticalNesting)
    [Anonymous Symbol]                       0x20000074   Section        0  port.o(.data.uxCriticalNesting)
    .bss                                     0x20000078   Section       96  libspace.o(.bss)
    pvPortMalloc.pucAlignedHeap              0x200000d8   Data           4  heap_1.o(.bss.pvPortMalloc.pucAlignedHeap)
    [Anonymous Symbol]                       0x200000d8   Section        0  heap_1.o(.bss.pvPortMalloc.pucAlignedHeap)
    pxDelayedTaskList                        0x200000e0   Data           4  tasks.o(.bss.pxDelayedTaskList)
    [Anonymous Symbol]                       0x200000e0   Section        0  tasks.o(.bss.pxDelayedTaskList)
    pxOverflowDelayedTaskList                0x200000e4   Data           4  tasks.o(.bss.pxOverflowDelayedTaskList)
    [Anonymous Symbol]                       0x200000e4   Section        0  tasks.o(.bss.pxOverflowDelayedTaskList)
    pxReadyTasksLists                        0x200000e8   Data         100  tasks.o(.bss.pxReadyTasksLists)
    [Anonymous Symbol]                       0x200000e8   Section        0  tasks.o(.bss.pxReadyTasksLists)
    ucHeap                                   0x20000150   Data        4096  heap_1.o(.bss.ucHeap)
    [Anonymous Symbol]                       0x20000150   Section        0  heap_1.o(.bss.ucHeap)
    ucMaxSysCallPriority                     0x20001150   Data           1  port.o(.bss.ucMaxSysCallPriority)
    [Anonymous Symbol]                       0x20001150   Section        0  port.o(.bss.ucMaxSysCallPriority)
    ulMaxPRIGROUPValue                       0x20001154   Data           4  port.o(.bss.ulMaxPRIGROUPValue)
    [Anonymous Symbol]                       0x20001154   Section        0  port.o(.bss.ulMaxPRIGROUPValue)
    ulStoppedTimerCompensation               0x20001158   Data           1  port.o(.bss.ulStoppedTimerCompensation)
    [Anonymous Symbol]                       0x20001158   Section        0  port.o(.bss.ulStoppedTimerCompensation)
    ulTimerCountsForOneTick                  0x2000115c   Data           4  port.o(.bss.ulTimerCountsForOneTick)
    [Anonymous Symbol]                       0x2000115c   Section        0  port.o(.bss.ulTimerCountsForOneTick)
    uxCurrentNumberOfTasks                   0x20001160   Data           4  tasks.o(.bss.uxCurrentNumberOfTasks)
    [Anonymous Symbol]                       0x20001160   Section        0  tasks.o(.bss.uxCurrentNumberOfTasks)
    uxDeletedTasksWaitingCleanUp             0x20001164   Data           4  tasks.o(.bss.uxDeletedTasksWaitingCleanUp)
    [Anonymous Symbol]                       0x20001164   Section        0  tasks.o(.bss.uxDeletedTasksWaitingCleanUp)
    uxSchedulerSuspended                     0x20001168   Data           4  tasks.o(.bss.uxSchedulerSuspended)
    [Anonymous Symbol]                       0x20001168   Section        0  tasks.o(.bss.uxSchedulerSuspended)
    uxTaskNumber                             0x2000116c   Data           4  tasks.o(.bss.uxTaskNumber)
    [Anonymous Symbol]                       0x2000116c   Section        0  tasks.o(.bss.uxTaskNumber)
    uxTopReadyPriority                       0x20001170   Data           4  tasks.o(.bss.uxTopReadyPriority)
    [Anonymous Symbol]                       0x20001170   Section        0  tasks.o(.bss.uxTopReadyPriority)
    xDelayedTaskList1                        0x20001174   Data          20  tasks.o(.bss.xDelayedTaskList1)
    [Anonymous Symbol]                       0x20001174   Section        0  tasks.o(.bss.xDelayedTaskList1)
    xDelayedTaskList2                        0x20001188   Data          20  tasks.o(.bss.xDelayedTaskList2)
    [Anonymous Symbol]                       0x20001188   Section        0  tasks.o(.bss.xDelayedTaskList2)
    xIdleTaskHandle                          0x2000119c   Data           4  tasks.o(.bss.xIdleTaskHandle)
    [Anonymous Symbol]                       0x2000119c   Section        0  tasks.o(.bss.xIdleTaskHandle)
    xMaximumPossibleSuppressedTicks          0x200011a0   Data           4  port.o(.bss.xMaximumPossibleSuppressedTicks)
    [Anonymous Symbol]                       0x200011a0   Section        0  port.o(.bss.xMaximumPossibleSuppressedTicks)
    xNextFreeByte                            0x200011a4   Data           4  heap_1.o(.bss.xNextFreeByte)
    [Anonymous Symbol]                       0x200011a4   Section        0  heap_1.o(.bss.xNextFreeByte)
    xNextTaskUnblockTime                     0x200011a8   Data           4  tasks.o(.bss.xNextTaskUnblockTime)
    [Anonymous Symbol]                       0x200011a8   Section        0  tasks.o(.bss.xNextTaskUnblockTime)
    xNumOfOverflows                          0x200011ac   Data           4  tasks.o(.bss.xNumOfOverflows)
    [Anonymous Symbol]                       0x200011ac   Section        0  tasks.o(.bss.xNumOfOverflows)
    xPendedTicks                             0x200011b0   Data           4  tasks.o(.bss.xPendedTicks)
    [Anonymous Symbol]                       0x200011b0   Section        0  tasks.o(.bss.xPendedTicks)
    xPendingReadyList                        0x200011b4   Data          20  tasks.o(.bss.xPendingReadyList)
    [Anonymous Symbol]                       0x200011b4   Section        0  tasks.o(.bss.xPendingReadyList)
    xSchedulerRunning                        0x200011d0   Data           4  tasks.o(.bss.xSchedulerRunning)
    [Anonymous Symbol]                       0x200011d0   Section        0  tasks.o(.bss.xSchedulerRunning)
    xSuspendedTaskList                       0x200011d4   Data          20  tasks.o(.bss.xSuspendedTaskList)
    [Anonymous Symbol]                       0x200011d4   Section        0  tasks.o(.bss.xSuspendedTaskList)
    xTasksWaitingTermination                 0x200011e8   Data          20  tasks.o(.bss.xTasksWaitingTermination)
    [Anonymous Symbol]                       0x200011e8   Section        0  tasks.o(.bss.xTasksWaitingTermination)
    xTickCount                               0x200011fc   Data           4  tasks.o(.bss.xTickCount)
    [Anonymous Symbol]                       0x200011fc   Section        0  tasks.o(.bss.xTickCount)
    xYieldPending                            0x20001200   Data           4  tasks.o(.bss.xYieldPending)
    [Anonymous Symbol]                       0x20001200   Section        0  tasks.o(.bss.xYieldPending)
    Heap_Mem                                 0x20001208   Data           0  startup_tm4c123.o(HEAP)
    Stack_Mem                                0x20001208   Data         512  startup_tm4c123.o(STACK)
    HEAP                                     0x20001208   Section        0  startup_tm4c123.o(HEAP)
    STACK                                    0x20001208   Section      512  startup_tm4c123.o(STACK)
    __initial_sp                             0x20001408   Data           0  startup_tm4c123.o(STACK)

    Global Symbols

    Symbol Name                              Value     Ov Type        Size  Object(Section)

    BuildAttributes$$THM_ISAv4$E$P$D$K$B$S$7EM$VFPi3$EXTD16$VFPS$VFMA$PE$A:L22UL41UL21$X:L11$S22US41US21$IEEE1$IW$~IW$USESV6$~STKCKD$USESV7$~SHL$OTIME$ROPI$EBA8$UX$STANDARDLIB$REQ8$PRES8$EABIv2 0x00000000   Number         0  anon$$obj.o ABSOLUTE
    __Vectors                                0x00000000   Data           4  startup_tm4c123.o(RESET)
    __ARM_exceptions_init                     - Undefined Weak Reference
    __alloca_initialize                       - Undefined Weak Reference
    __arm_preinit_                            - Undefined Weak Reference
    __cpp_initialize__aeabi_                  - Undefined Weak Reference
    __cxa_finalize                            - Undefined Weak Reference
    __rt_locale                               - Undefined Weak Reference
    __sigvec_lookup                           - Undefined Weak Reference
    _atexit_init                              - Undefined Weak Reference
    _call_atexit_fns                          - Undefined Weak Reference
    _clock_init                               - Undefined Weak Reference
    _fp_trap_init                             - Undefined Weak Reference
    _fp_trap_shutdown                         - Undefined Weak Reference
    _get_lc_collate                           - Undefined Weak Reference
    _get_lc_ctype                             - Undefined Weak Reference
    _get_lc_monetary                          - Undefined Weak Reference
    _get_lc_numeric                           - Undefined Weak Reference
    _get_lc_time                              - Undefined Weak Reference
    _getenv_init                              - Undefined Weak Reference
    _handle_redirection                       - Undefined Weak Reference
    _init_alloc                               - Undefined Weak Reference
    _init_user_alloc                          - Undefined Weak Reference
    _initio                                   - Undefined Weak Reference
    _rand_init                                - Undefined Weak Reference
    _signal_finish                            - Undefined Weak Reference
    _signal_init                              - Undefined Weak Reference
    _terminate_alloc                          - Undefined Weak Reference
    _terminate_user_alloc                     - Undefined Weak Reference
    _terminateio                              - Undefined Weak Reference
    __Vectors_End                            0x0000026c   Data           0  startup_tm4c123.o(RESET)
    __Vectors_Size                           0x0000026c   Number         0  startup_tm4c123.o ABSOLUTE
    __main                                   0x0000026d   Thumb Code     8  __main.o(!!!main)
    __scatterload                            0x00000275   Thumb Code     0  __scatter.o(!!!scatter)
    __scatterload_rt2                        0x00000275   Thumb Code    44  __scatter.o(!!!scatter)
    __scatterload_rt2_thumb_only             0x00000275   Thumb Code     0  __scatter.o(!!!scatter)
    __scatterload_null                       0x00000283   Thumb Code     0  __scatter.o(!!!scatter)
    __scatterload_copy                       0x000002a9   Thumb Code    26  __scatter_copy.o(!!handler_copy)
    __scatterload_zeroinit                   0x000002c5   Thumb Code    28  __scatter_zi.o(!!handler_zi)
    __rt_lib_init                            0x000002e1   Thumb Code     0  libinit.o(.ARM.Collect$$libinit$$00000000)
    __rt_lib_init_fp_1                       0x000002e3   Thumb Code     0  libinit2.o(.ARM.Collect$$libinit$$00000001)
    __rt_lib_init_alloca_1                   0x000002e7   Thumb Code     0  libinit2.o(.ARM.Collect$$libinit$$0000002E)
    __rt_lib_init_argv_1                     0x000002e7   Thumb Code     0  libinit2.o(.ARM.Collect$$libinit$$0000002C)
    __rt_lib_init_atexit_1                   0x000002e7   Thumb Code     0  libinit2.o(.ARM.Collect$$libinit$$0000001B)
    __rt_lib_init_clock_1                    0x000002e7   Thumb Code     0  libinit2.o(.ARM.Collect$$libinit$$00000021)
    __rt_lib_init_cpp_1                      0x000002e7   Thumb Code     0  libinit2.o(.ARM.Collect$$libinit$$00000032)
    __rt_lib_init_exceptions_1               0x000002e7   Thumb Code     0  libinit2.o(.ARM.Collect$$libinit$$00000030)
    __rt_lib_init_fp_trap_1                  0x000002e7   Thumb Code     0  libinit2.o(.ARM.Collect$$libinit$$0000001F)
    __rt_lib_init_getenv_1                   0x000002e7   Thumb Code     0  libinit2.o(.ARM.Collect$$libinit$$00000023)
    __rt_lib_init_heap_1                     0x000002e7   Thumb Code     0  libinit2.o(.ARM.Collect$$libinit$$0000000A)
    __rt_lib_init_lc_collate_1               0x000002e7   Thumb Code     0  libinit2.o(.ARM.Collect$$libinit$$00000011)
    __rt_lib_init_lc_ctype_1                 0x000002e7   Thumb Code     0  libinit2.o(.ARM.Collect$$libinit$$00000013)
    __rt_lib_init_lc_monetary_1              0x000002e7   Thumb Code     0  libinit2.o(.ARM.Collect$$libinit$$00000015)
    __rt_lib_init_lc_numeric_1               0x000002e7   Thumb Code     0  libinit2.o(.ARM.Collect$$libinit$$00000017)
    __rt_lib_init_lc_time_1                  0x000002e7   Thumb Code     0  libinit2.o(.ARM.Collect$$libinit$$00000019)
    __rt_lib_init_preinit_1                  0x000002e7   Thumb Code     0  libinit2.o(.ARM.Collect$$libinit$$00000004)
    __rt_lib_init_rand_1                     0x000002e7   Thumb Code     0  libinit2.o(.ARM.Collect$$libinit$$0000000E)
    __rt_lib_init_return                     0x000002e7   Thumb Code     0  libinit2.o(.ARM.Collect$$libinit$$00000033)
    __rt_lib_init_signal_1                   0x000002e7   Thumb Code     0  libinit2.o(.ARM.Collect$$libinit$$0000001D)
    __rt_lib_init_stdio_1                    0x000002e7   Thumb Code     0  libinit2.o(.ARM.Collect$$libinit$$00000025)
    __rt_lib_init_user_alloc_1               0x000002e7   Thumb Code     0  libinit2.o(.ARM.Collect$$libinit$$0000000C)
    __rt_lib_shutdown                        0x000002e9   Thumb Code     0  libshutdown.o(.ARM.Collect$$libshutdown$$00000000)
    __rt_lib_shutdown_cpp_1                  0x000002eb   Thumb Code     0  libshutdown2.o(.ARM.Collect$$libshutdown$$00000002)
    __rt_lib_shutdown_fp_trap_1              0x000002eb   Thumb Code     0  libshutdown2.o(.ARM.Collect$$libshutdown$$00000007)
    __rt_lib_shutdown_heap_1                 0x000002eb   Thumb Code     0  libshutdown2.o(.ARM.Collect$$libshutdown$$0000000F)
    __rt_lib_shutdown_return                 0x000002eb   Thumb Code     0  libshutdown2.o(.ARM.Collect$$libshutdown$$00000010)
    __rt_lib_shutdown_signal_1               0x000002eb   Thumb Code     0  libshutdown2.o(.ARM.Collect$$libshutdown$$0000000A)
    __rt_lib_shutdown_stdio_1                0x000002eb   Thumb Code     0  libshutdown2.o(.ARM.Collect$$libshutdown$$00000004)
    __rt_lib_shutdown_user_alloc_1           0x000002eb   Thumb Code     0  libshutdown2.o(.ARM.Collect$$libshutdown$$0000000C)
    __rt_entry                               0x000002ed   Thumb Code     0  __rtentry.o(.ARM.Collect$$rtentry$$00000000)
    __rt_entry_presh_1                       0x000002ed   Thumb Code     0  __rtentry2.o(.ARM.Collect$$rtentry$$00000002)
    __rt_entry_sh                            0x000002ed   Thumb Code     0  __rtentry4.o(.ARM.Collect$$rtentry$$00000004)
    __rt_entry_li                            0x000002f3   Thumb Code     0  __rtentry2.o(.ARM.Collect$$rtentry$$0000000A)
    __rt_entry_postsh_1                      0x000002f3   Thumb Code     0  __rtentry2.o(.ARM.Collect$$rtentry$$00000009)
    __rt_entry_main                          0x000002f7   Thumb Code     0  __rtentry2.o(.ARM.Collect$$rtentry$$0000000D)
    __rt_entry_postli_1                      0x000002f7   Thumb Code     0  __rtentry2.o(.ARM.Collect$$rtentry$$0000000C)
    __rt_exit                                0x000002ff   Thumb Code     0  rtexit.o(.ARM.Collect$$rtexit$$00000000)
    __rt_exit_ls                             0x00000301   Thumb Code     0  rtexit2.o(.ARM.Collect$$rtexit$$00000003)
    __rt_exit_prels_1                        0x00000301   Thumb Code     0  rtexit2.o(.ARM.Collect$$rtexit$$00000002)
    __rt_exit_exit                           0x00000305   Thumb Code     0  rtexit2.o(.ARM.Collect$$rtexit$$00000004)
    Reset_Handler                            0x0000030d   Thumb Code     8  startup_tm4c123.o(.text)
    NMI_Handler                              0x00000315   Thumb Code     2  startup_tm4c123.o(.text)
    HardFault_Handler                        0x00000317   Thumb Code     2  startup_tm4c123.o(.text)
    MemManage_Handler                        0x00000319   Thumb Code     2  startup_tm4c123.o(.text)
    BusFault_Handler                         0x0000031b   Thumb Code     2  startup_tm4c123.o(.text)
    UsageFault_Handler                       0x0000031d   Thumb Code     2  startup_tm4c123.o(.text)
    DebugMon_Handler                         0x00000321   Thumb Code     2  startup_tm4c123.o(.text)
    GPIOA_Handler                            0x00000327   Thumb Code     2  startup_tm4c123.o(.text)
    GPIOB_Handler                            0x00000329   Thumb Code     2  startup_tm4c123.o(.text)
    GPIOC_Handler                            0x0000032b   Thumb Code     2  startup_tm4c123.o(.text)
    GPIOD_Handler                            0x0000032d   Thumb Code     2  startup_tm4c123.o(.text)
    GPIOE_Handler                            0x0000032f   Thumb Code     2  startup_tm4c123.o(.text)
    UART0_Handler                            0x00000331   Thumb Code     2  startup_tm4c123.o(.text)
    UART1_Handler                            0x00000333   Thumb Code     2  startup_tm4c123.o(.text)
    SSI0_Handler                             0x00000335   Thumb Code     2  startup_tm4c123.o(.text)
    I2C0_Handler                             0x00000337   Thumb Code     2  startup_tm4c123.o(.text)
    PMW0_FAULT_Handler                       0x00000339   Thumb Code     2  startup_tm4c123.o(.text)
    PWM0_0_Handler                           0x0000033b   Thumb Code     2  startup_tm4c123.o(.text)
    PWM0_1_Handler                           0x0000033d   Thumb Code     2  startup_tm4c123.o(.text)
    PWM0_2_Handler                           0x0000033f   Thumb Code     2  startup_tm4c123.o(.text)
    QEI0_Handler                             0x00000341   Thumb Code     2  startup_tm4c123.o(.text)
    ADC0SS0_Handler                          0x00000343   Thumb Code     2  startup_tm4c123.o(.text)
    ADC0SS1_Handler                          0x00000345   Thumb Code     2  startup_tm4c123.o(.text)
    ADC0SS2_Handler                          0x00000347   Thumb Code     2  startup_tm4c123.o(.text)
    ADC0SS3_Handler                          0x00000349   Thumb Code     2  startup_tm4c123.o(.text)
    WDT0_Handler                             0x0000034b   Thumb Code     2  startup_tm4c123.o(.text)
    TIMER0A_Handler                          0x0000034d   Thumb Code     2  startup_tm4c123.o(.text)
    TIMER0B_Handler                          0x0000034f   Thumb Code     2  startup_tm4c123.o(.text)
    TIMER1A_Handler                          0x00000351   Thumb Code     2  startup_tm4c123.o(.text)
    TIMER1B_Handler                          0x00000353   Thumb Code     2  startup_tm4c123.o(.text)
    TIMER2A_Handler                          0x00000355   Thumb Code     2  startup_tm4c123.o(.text)
    TIMER2B_Handler                          0x00000357   Thumb Code     2  startup_tm4c123.o(.text)
    COMP0_Handler                            0x00000359   Thumb Code     2  startup_tm4c123.o(.text)
    COMP1_Handler                            0x0000035b   Thumb Code     2  startup_tm4c123.o(.text)
    COMP2_Handler                            0x0000035d   Thumb Code     2  startup_tm4c123.o(.text)
    SYSCTL_Handler                           0x0000035f   Thumb Code     2  startup_tm4c123.o(.text)
    FLASH_Handler                            0x00000361   Thumb Code     2  startup_tm4c123.o(.text)
    GPIOF_Handler                            0x00000363   Thumb Code     2  startup_tm4c123.o(.text)
    GPIOG_Handler                            0x00000365   Thumb Code     2  startup_tm4c123.o(.text)
    GPIOH_Handler                            0x00000367   Thumb Code     2  startup_tm4c123.o(.text)
    UART2_Handler                            0x00000369   Thumb Code     2  startup_tm4c123.o(.text)
    SSI1_Handler                             0x0000036b   Thumb Code     2  startup_tm4c123.o(.text)
    TIMER3A_Handler                          0x0000036d   Thumb Code     2  startup_tm4c123.o(.text)
    TIMER3B_Handler                          0x0000036f   Thumb Code     2  startup_tm4c123.o(.text)
    I2C1_Handler                             0x00000371   Thumb Code     2  startup_tm4c123.o(.text)
    QEI1_Handler                             0x00000373   Thumb Code     2  startup_tm4c123.o(.text)
    CAN0_Handler                             0x00000375   Thumb Code     2  startup_tm4c123.o(.text)
    CAN1_Handler                             0x00000377   Thumb Code     2  startup_tm4c123.o(.text)
    CAN2_Handler                             0x00000379   Thumb Code     2  startup_tm4c123.o(.text)
    HIB_Handler                              0x0000037b   Thumb Code     2  startup_tm4c123.o(.text)
    USB0_Handler                             0x0000037d   Thumb Code     2  startup_tm4c123.o(.text)
    PWM0_3_Handler                           0x0000037f   Thumb Code     2  startup_tm4c123.o(.text)
    UDMA_Handler                             0x00000381   Thumb Code     2  startup_tm4c123.o(.text)
    UDMAERR_Handler                          0x00000383   Thumb Code     2  startup_tm4c123.o(.text)
    ADC1SS0_Handler                          0x00000385   Thumb Code     2  startup_tm4c123.o(.text)
    ADC1SS1_Handler                          0x00000387   Thumb Code     2  startup_tm4c123.o(.text)
    ADC1SS2_Handler                          0x00000389   Thumb Code     2  startup_tm4c123.o(.text)
    ADC1SS3_Handler                          0x0000038b   Thumb Code     2  startup_tm4c123.o(.text)
    GPIOJ_Handler                            0x0000038d   Thumb Code     2  startup_tm4c123.o(.text)
    GPIOK_Handler                            0x0000038f   Thumb Code     2  startup_tm4c123.o(.text)
    GPIOL_Handler                            0x00000391   Thumb Code     2  startup_tm4c123.o(.text)
    SSI2_Handler                             0x00000393   Thumb Code     2  startup_tm4c123.o(.text)
    SSI3_Handler                             0x00000395   Thumb Code     2  startup_tm4c123.o(.text)
    UART3_Handler                            0x00000397   Thumb Code     2  startup_tm4c123.o(.text)
    UART4_Handler                            0x00000399   Thumb Code     2  startup_tm4c123.o(.text)
    UART5_Handler                            0x0000039b   Thumb Code     2  startup_tm4c123.o(.text)
    UART6_Handler                            0x0000039d   Thumb Code     2  startup_tm4c123.o(.text)
    UART7_Handler                            0x0000039f   Thumb Code     2  startup_tm4c123.o(.text)
    I2C2_Handler                             0x000003a1   Thumb Code     2  startup_tm4c123.o(.text)
    I2C3_Handler                             0x000003a3   Thumb Code     2  startup_tm4c123.o(.text)
    TIMER4A_Handler                          0x000003a5   Thumb Code     2  startup_tm4c123.o(.text)
    TIMER4B_Handler                          0x000003a7   Thumb Code     2  startup_tm4c123.o(.text)
    TIMER5A_Handler                          0x000003a9   Thumb Code     2  startup_tm4c123.o(.text)
    TIMER5B_Handler                          0x000003ab   Thumb Code     2  startup_tm4c123.o(.text)
    WTIMER0A_Handler                         0x000003ad   Thumb Code     2  startup_tm4c123.o(.text)
    WTIMER0B_Handler                         0x000003af   Thumb Code     2  startup_tm4c123.o(.text)
    WTIMER1A_Handler                         0x000003b1   Thumb Code     2  startup_tm4c123.o(.text)
    WTIMER1B_Handler                         0x000003b3   Thumb Code     2  startup_tm4c123.o(.text)
    WTIMER2A_Handler                         0x000003b5   Thumb Code     2  startup_tm4c123.o(.text)
    WTIMER2B_Handler                         0x000003b7   Thumb Code     2  startup_tm4c123.o(.text)
    WTIMER3A_Handler                         0x000003b9   Thumb Code     2  startup_tm4c123.o(.text)
    WTIMER3B_Handler                         0x000003bb   Thumb Code     2  startup_tm4c123.o(.text)
    WTIMER4A_Handler                         0x000003bd   Thumb Code     2  startup_tm4c123.o(.text)
    WTIMER4B_Handler                         0x000003bf   Thumb Code     2  startup_tm4c123.o(.text)
    WTIMER5A_Handler                         0x000003c1   Thumb Code     2  startup_tm4c123.o(.text)
    WTIMER5B_Handler                         0x000003c3   Thumb Code     2  startup_tm4c123.o(.text)
    FPU_Handler                              0x000003c5   Thumb Code     2  startup_tm4c123.o(.text)
    I2C4_Handler                             0x000003c7   Thumb Code     2  startup_tm4c123.o(.text)
    I2C5_Handler                             0x000003c9   Thumb Code     2  startup_tm4c123.o(.text)
    GPIOM_Handler                            0x000003cb   Thumb Code     2  startup_tm4c123.o(.text)
    GPION_Handler                            0x000003cd   Thumb Code     2  startup_tm4c123.o(.text)
    QEI2_Handler                             0x000003cf   Thumb Code     2  startup_tm4c123.o(.text)
    GPIOP0_Handler                           0x000003d1   Thumb Code     2  startup_tm4c123.o(.text)
    GPIOP1_Handler                           0x000003d3   Thumb Code     2  startup_tm4c123.o(.text)
    GPIOP2_Handler                           0x000003d5   Thumb Code     2  startup_tm4c123.o(.text)
    GPIOP3_Handler                           0x000003d7   Thumb Code     2  startup_tm4c123.o(.text)
    GPIOP4_Handler                           0x000003d9   Thumb Code     2  startup_tm4c123.o(.text)
    GPIOP5_Handler                           0x000003db   Thumb Code     2  startup_tm4c123.o(.text)
    GPIOP6_Handler                           0x000003dd   Thumb Code     2  startup_tm4c123.o(.text)
    GPIOP7_Handler                           0x000003df   Thumb Code     2  startup_tm4c123.o(.text)
    GPIOQ0_Handler                           0x000003e1   Thumb Code     2  startup_tm4c123.o(.text)
    GPIOQ1_Handler                           0x000003e3   Thumb Code     2  startup_tm4c123.o(.text)
    GPIOQ2_Handler                           0x000003e5   Thumb Code     2  startup_tm4c123.o(.text)
    GPIOQ3_Handler                           0x000003e7   Thumb Code     2  startup_tm4c123.o(.text)
    GPIOQ4_Handler                           0x000003e9   Thumb Code     2  startup_tm4c123.o(.text)
    GPIOQ5_Handler                           0x000003eb   Thumb Code     2  startup_tm4c123.o(.text)
    GPIOQ6_Handler                           0x000003ed   Thumb Code     2  startup_tm4c123.o(.text)
    GPIOQ7_Handler                           0x000003ef   Thumb Code     2  startup_tm4c123.o(.text)
    GPIOR_Handler                            0x000003f1   Thumb Code     2  startup_tm4c123.o(.text)
    GPIOS_Handler                            0x000003f3   Thumb Code     2  startup_tm4c123.o(.text)
    PMW1_0_Handler                           0x000003f5   Thumb Code     2  startup_tm4c123.o(.text)
    PWM1_1_Handler                           0x000003f7   Thumb Code     2  startup_tm4c123.o(.text)
    PWM1_2_Handler                           0x000003f9   Thumb Code     2  startup_tm4c123.o(.text)
    PWM1_3_Handler                           0x000003fb   Thumb Code     2  startup_tm4c123.o(.text)
    PWM1_FAULT_Handler                       0x000003fd   Thumb Code     2  startup_tm4c123.o(.text)
    __user_initial_stackheap                 0x00000401   Thumb Code     0  startup_tm4c123.o(.text)
    __aeabi_memcpy                           0x00000421   Thumb Code     0  rt_memcpy_v6.o(.text)
    __rt_memcpy                              0x00000421   Thumb Code   138  rt_memcpy_v6.o(.text)
    _memcpy_lastbytes                        0x00000487   Thumb Code     0  rt_memcpy_v6.o(.text)
    __aeabi_memset4                          0x000004ab   Thumb Code    16  aeabi_memset4.o(.text)
    __aeabi_memset8                          0x000004ab   Thumb Code     0  aeabi_memset4.o(.text)
    __use_two_region_memory                  0x000004bb   Thumb Code     2  heapauxi.o(.text)
    __rt_heap_escrow$2region                 0x000004bd   Thumb Code     2  heapauxi.o(.text)
    __rt_heap_expand$2region                 0x000004bf   Thumb Code     2  heapauxi.o(.text)
    __aeabi_memcpy4                          0x000004c1   Thumb Code     0  rt_memcpy_w.o(.text)
    __aeabi_memcpy8                          0x000004c1   Thumb Code     0  rt_memcpy_w.o(.text)
    __rt_memcpy_w                            0x000004c1   Thumb Code   100  rt_memcpy_w.o(.text)
    _memcpy_lastbytes_aligned                0x00000509   Thumb Code     0  rt_memcpy_w.o(.text)
    __aeabi_memclr4                          0x00000525   Thumb Code     0  rt_memclr_w.o(.text)
    __aeabi_memclr8                          0x00000525   Thumb Code     0  rt_memclr_w.o(.text)
    __rt_memclr_w                            0x00000525   Thumb Code     0  rt_memclr_w.o(.text)
    _memset_w                                0x00000529   Thumb Code    74  rt_memclr_w.o(.text)
    __user_setup_stackheap                   0x00000573   Thumb Code    74  sys_stackheap_outer.o(.text)
    exit                                     0x000005bd   Thumb Code    18  exit.o(.text)
    __user_libspace                          0x000005d1   Thumb Code     8  libspace.o(.text)
    __user_perproc_libspace                  0x000005d1   Thumb Code     0  libspace.o(.text)
    __user_perthread_libspace                0x000005d1   Thumb Code     0  libspace.o(.text)
    _sys_exit                                0x000005d9   Thumb Code     8  sys_exit.o(.text)
    __I$use$semihosting                      0x000005e5   Thumb Code     0  use_no_semi.o(.text)
    __use_no_semihosting_swi                 0x000005e5   Thumb Code     2  use_no_semi.o(.text)
    __semihosting_library_function           0x000005e7   Thumb Code     0  indicate_semi.o(.text)
    ByteToStr                                0x000005e9   Thumb Code    60  main.o(.text.ByteToStr)
    LCD_clear                                0x00000625   Thumb Code    10  lcd_module.o(.text.LCD_clear)
    LCD_command                              0x00000631   Thumb Code    76  lcd_module.o(.text.LCD_command)
    LCD_init                                 0x0000067d   Thumb Code    16  lcd_module.o(.text.LCD_init)
    LCD_print                                0x0000068d   Thumb Code    28  lcd_module.o(.text.LCD_print)
    LCD_secondLine                           0x000006a9   Thumb Code    10  lcd_module.o(.text.LCD_secondLine)
    LCD_start                                0x000006b5   Thumb Code    70  lcd_module.o(.text.LCD_start)
    LCD_write                                0x000006fd   Thumb Code    70  lcd_module.o(.text.LCD_write)
    PendSV_Handler                           0x00000751   Thumb Code   100  port.o(.text.PendSV_Handler)
    Read_From_Keyboard                       0x000007b5   Thumb Code    46  main.o(.text.Read_From_Keyboard)
    Read_Time                                0x000007e5   Thumb Code    56  main.o(.text.Read_Time)
    SVC_Handler                              0x00000821   Thumb Code    36  port.o(.text.SVC_Handler)
    SysTick_Handler                          0x00000845   Thumb Code    46  port.o(.text.SysTick_Handler)
    SystemInit                               0x00000875   Thumb Code   112  system_tm4c123.o(.text.SystemInit)
    Task2                                    0x000008e5   Thumb Code   190  main.o(.text.Task2)
    Task3                                    0x000009a5   Thumb Code   216  main.o(.text.Task3)
    Taskl                                    0x00000b11   Thumb Code   126  main.o(.text.Taskl)
    UART_Data_Ready                          0x00000b91   Thumb Code    22  uart_module.o(.text.UART_Data_Ready)
    UART_init                                0x00000ba9   Thumb Code    94  uart_module.o(.text.UART_init)
    UART_receive                             0x00000c09   Thumb Code    20  uart_module.o(.text.UART_receive)
    UART_send                                0x00000c1d   Thumb Code    18  uart_module.o(.text.UART_send)
    UART_send_string                         0x00000c31   Thumb Code    28  uart_module.o(.text.UART_send_string)
    delay_ms                                 0x00000c4d   Thumb Code    28  lcd_module.o(.text.delay_ms)
    eTaskConfirmSleepModeStatus              0x00000c69   Thumb Code    60  tasks.o(.text.eTaskConfirmSleepModeStatus)
    initCtrlPort                             0x00000ca5   Thumb Code    54  lcd_module.o(.text.initCtrlPort)
    initDataPort                             0x00000cdd   Thumb Code    58  lcd_module.o(.text.initDataPort)
    main                                     0x00000d19   Thumb Code   128  main.o(.text.main)
    pvPortMalloc                             0x000013cd   Thumb Code    90  heap_1.o(.text.pvPortMalloc)
    pxPortInitialiseStack                    0x00001429   Thumb Code    40  port.o(.text.pxPortInitialiseStack)
    uxListRemove                             0x00001451   Thumb Code    36  list.o(.text.uxListRemove)
    vListInitialise                          0x00001475   Thumb Code    22  list.o(.text.vListInitialise)
    vListInitialiseItem                      0x0000148d   Thumb Code     6  list.o(.text.vListInitialiseItem)
    vListInsert                              0x00001495   Thumb Code    58  list.o(.text.vListInsert)
    vListInsertEnd                           0x000014d1   Thumb Code    28  list.o(.text.vListInsertEnd)
    vPortEnterCritical                       0x00001501   Thumb Code    70  port.o(.text.vPortEnterCritical)
    vPortExitCritical                        0x00001549   Thumb Code    46  port.o(.text.vPortExitCritical)
    vPortFree                                0x00001579   Thumb Code    26  heap_1.o(.text.vPortFree)
    vPortSetupTimerInterrupt                 0x00001595   Thumb Code   100  port.o(.text.vPortSetupTimerInterrupt)
    vPortSuppressTicksAndSleep               0x000015f9   Thumb Code   276  port.o(.text.vPortSuppressTicksAndSleep)
    vTaskDelay                               0x0000170d   Thumb Code    84  tasks.o(.text.vTaskDelay)
    vTaskDelayUntil                          0x00001761   Thumb Code   168  tasks.o(.text.vTaskDelayUntil)
    vTaskInternalSetTimeOutState             0x00001809   Thumb Code    26  tasks.o(.text.vTaskInternalSetTimeOutState)
    vTaskMissedYield                         0x00001825   Thumb Code    14  tasks.o(.text.vTaskMissedYield)
    vTaskPlaceOnEventList                    0x00001835   Thumb Code    50  tasks.o(.text.vTaskPlaceOnEventList)
    vTaskStartScheduler                      0x00001869   Thumb Code   128  tasks.o(.text.vTaskStartScheduler)
    vTaskStepTick                            0x000018f1   Thumb Code    54  tasks.o(.text.vTaskStepTick)
    vTaskSuspendAll                          0x00001929   Thumb Code    16  tasks.o(.text.vTaskSuspendAll)
    vTaskSwitchContext                       0x00001939   Thumb Code   134  tasks.o(.text.vTaskSwitchContext)
    xPortStartScheduler                      0x000019c1   Thumb Code   274  port.o(.text.xPortStartScheduler)
    xQueueGenericCreate                      0x00001ad5   Thumb Code    66  queue.o(.text.xQueueGenericCreate)
    xQueueGenericReset                       0x00001b19   Thumb Code   126  queue.o(.text.xQueueGenericReset)
    xQueueGenericSend                        0x00001b99   Thumb Code   464  queue.o(.text.xQueueGenericSend)
    xQueueReceive                            0x00001d69   Thumb Code   388  queue.o(.text.xQueueReceive)
    xTaskCheckForTimeOut                     0x00001eed   Thumb Code   162  tasks.o(.text.xTaskCheckForTimeOut)
    xTaskCreate                              0x00001f91   Thumb Code    96  tasks.o(.text.xTaskCreate)
    xTaskGetSchedulerState                   0x00001ff1   Thumb Code    38  tasks.o(.text.xTaskGetSchedulerState)
    xTaskGetTickCount                        0x00002019   Thumb Code    12  tasks.o(.text.xTaskGetTickCount)
    xTaskIncrementTick                       0x00002025   Thumb Code   356  tasks.o(.text.xTaskIncrementTick)
    xTaskPriorityDisinherit                  0x00002189   Thumb Code   146  tasks.o(.text.xTaskPriorityDisinherit)
    xTaskRemoveFromEventList                 0x0000221d   Thumb Code   156  tasks.o(.text.xTaskRemoveFromEventList)
    xTaskResumeAll                           0x000022b9   Thumb Code   280  tasks.o(.text.xTaskResumeAll)
    GPIODirModeSet                           0x000023d1   Thumb Code    40  gpio.o(i.GPIODirModeSet)
    GPIOPadConfigSet                         0x000023f9   Thumb Code   354  gpio.o(i.GPIOPadConfigSet)
    GPIOPinConfigure                         0x00002569   Thumb Code    60  gpio.o(i.GPIOPinConfigure)
    GPIOPinTypeGPIOOutput                    0x000025ad   Thumb Code    28  gpio.o(i.GPIOPinTypeGPIOOutput)
    GPIOPinTypeUART                          0x000025c9   Thumb Code    28  gpio.o(i.GPIOPinTypeUART)
    GPIOPinWrite                             0x000025e5   Thumb Code     6  gpio.o(i.GPIOPinWrite)
    SysCtlClockGet                           0x000025ed   Thumb Code   304  sysctl.o(i.SysCtlClockGet)
    SysCtlPeripheralEnable                   0x00002741   Thumb Code    36  sysctl.o(i.SysCtlPeripheralEnable)
    SysCtlPeripheralReady                    0x00002769   Thumb Code    40  sysctl.o(i.SysCtlPeripheralReady)
    UARTClockSourceSet                       0x00002795   Thumb Code     6  uart.o(i.UARTClockSourceSet)
    UARTConfigSetExpClk                      0x0000279b   Thumb Code   110  uart.o(i.UARTConfigSetExpClk)
    _fp_init                                 0x00002809   Thumb Code    26  fpinit.o(x$fpl$fpinit)
    __fplib_config_fpu_vfp                   0x00002821   Thumb Code     0  fpinit.o(x$fpl$fpinit)
    __fplib_config_pureend_doubles           0x00002821   Thumb Code     0  fpinit.o(x$fpl$fpinit)
    Region$$Table$$Base                      0x00002ca4   Number         0  anon$$obj.o(Region$$Table)
    Region$$Table$$Limit                     0x00002cc4   Number         0  anon$$obj.o(Region$$Table)
    SystemCoreClock                          0x20000000   Data           4  system_tm4c123.o(.data.SystemCoreClock)
    cities                                   0x20000004   Data         100  main.o(.data.cities)
    timediff                                 0x20000068   Data          10  main.o(.data.timediff)
    __libspace_start                         0x20000078   Data          96  libspace.o(.bss)
    __temporary_stack_top$libspace           0x200000d8   Data           0  libspace.o(.bss)
    pxCurrentTCB                             0x200000dc   Data           4  tasks.o(.bss.pxCurrentTCB)
    selection                                0x2000014c   Data           4  main.o(.bss.selection)
    xQueue1                                  0x200011c8   Data           4  main.o(.bss.xQueue1)
    xQueue2                                  0x200011cc   Data           4  main.o(.bss.xQueue2)



==============================================================================

Memory Map of the image

  Image Entry point : 0x0000030d

  Load Region LR_1 (Base: 0x00000000, Size: 0x00002d3c, Max: 0xffffffff, ABSOLUTE)

    Execution Region ER_RO (Exec base: 0x00000000, Load base: 0x00000000, Size: 0x00002cc4, Max: 0xffffffff, ABSOLUTE)

    Exec Addr    Load Addr    Size         Type   Attr      Idx    E Section Name        Object

    0x00000000   0x00000000   0x0000026c   Data   RO           80    RESET               startup_tm4c123.o
    0x0000026c   0x0000026c   0x00000008   Code   RO         1551  * !!!main             c_w.l(__main.o)
    0x00000274   0x00000274   0x00000034   Code   RO         1718    !!!scatter          c_w.l(__scatter.o)
    0x000002a8   0x000002a8   0x0000001a   Code   RO         1720    !!handler_copy      c_w.l(__scatter_copy.o)
    0x000002c2   0x000002c2   0x00000002   PAD
    0x000002c4   0x000002c4   0x0000001c   Code   RO         1722    !!handler_zi        c_w.l(__scatter_zi.o)
    0x000002e0   0x000002e0   0x00000002   Code   RO         1582    .ARM.Collect$$libinit$$00000000  c_w.l(libinit.o)
    0x000002e2   0x000002e2   0x00000004   Code   RO         1588    .ARM.Collect$$libinit$$00000001  c_w.l(libinit2.o)
    0x000002e6   0x000002e6   0x00000000   Code   RO         1591    .ARM.Collect$$libinit$$00000004  c_w.l(libinit2.o)
    0x000002e6   0x000002e6   0x00000000   Code   RO         1594    .ARM.Collect$$libinit$$0000000A  c_w.l(libinit2.o)
    0x000002e6   0x000002e6   0x00000000   Code   RO         1596    .ARM.Collect$$libinit$$0000000C  c_w.l(libinit2.o)
    0x000002e6   0x000002e6   0x00000000   Code   RO         1598    .ARM.Collect$$libinit$$0000000E  c_w.l(libinit2.o)
    0x000002e6   0x000002e6   0x00000000   Code   RO         1601    .ARM.Collect$$libinit$$00000011  c_w.l(libinit2.o)
    0x000002e6   0x000002e6   0x00000000   Code   RO         1603    .ARM.Collect$$libinit$$00000013  c_w.l(libinit2.o)
    0x000002e6   0x000002e6   0x00000000   Code   RO         1605    .ARM.Collect$$libinit$$00000015  c_w.l(libinit2.o)
    0x000002e6   0x000002e6   0x00000000   Code   RO         1607    .ARM.Collect$$libinit$$00000017  c_w.l(libinit2.o)
    0x000002e6   0x000002e6   0x00000000   Code   RO         1609    .ARM.Collect$$libinit$$00000019  c_w.l(libinit2.o)
    0x000002e6   0x000002e6   0x00000000   Code   RO         1611    .ARM.Collect$$libinit$$0000001B  c_w.l(libinit2.o)
    0x000002e6   0x000002e6   0x00000000   Code   RO         1613    .ARM.Collect$$libinit$$0000001D  c_w.l(libinit2.o)
    0x000002e6   0x000002e6   0x00000000   Code   RO         1615    .ARM.Collect$$libinit$$0000001F  c_w.l(libinit2.o)
    0x000002e6   0x000002e6   0x00000000   Code   RO         1617    .ARM.Collect$$libinit$$00000021  c_w.l(libinit2.o)
    0x000002e6   0x000002e6   0x00000000   Code   RO         1619    .ARM.Collect$$libinit$$00000023  c_w.l(libinit2.o)
    0x000002e6   0x000002e6   0x00000000   Code   RO         1621    .ARM.Collect$$libinit$$00000025  c_w.l(libinit2.o)
    0x000002e6   0x000002e6   0x00000000   Code   RO         1625    .ARM.Collect$$libinit$$0000002C  c_w.l(libinit2.o)
    0x000002e6   0x000002e6   0x00000000   Code   RO         1627    .ARM.Collect$$libinit$$0000002E  c_w.l(libinit2.o)
    0x000002e6   0x000002e6   0x00000000   Code   RO         1629    .ARM.Collect$$libinit$$00000030  c_w.l(libinit2.o)
    0x000002e6   0x000002e6   0x00000000   Code   RO         1631    .ARM.Collect$$libinit$$00000032  c_w.l(libinit2.o)
    0x000002e6   0x000002e6   0x00000002   Code   RO         1632    .ARM.Collect$$libinit$$00000033  c_w.l(libinit2.o)
    0x000002e8   0x000002e8   0x00000002   Code   RO         1654    .ARM.Collect$$libshutdown$$00000000  c_w.l(libshutdown.o)
    0x000002ea   0x000002ea   0x00000000   Code   RO         1669    .ARM.Collect$$libshutdown$$00000002  c_w.l(libshutdown2.o)
    0x000002ea   0x000002ea   0x00000000   Code   RO         1671    .ARM.Collect$$libshutdown$$00000004  c_w.l(libshutdown2.o)
    0x000002ea   0x000002ea   0x00000000   Code   RO         1674    .ARM.Collect$$libshutdown$$00000007  c_w.l(libshutdown2.o)
    0x000002ea   0x000002ea   0x00000000   Code   RO         1677    .ARM.Collect$$libshutdown$$0000000A  c_w.l(libshutdown2.o)
    0x000002ea   0x000002ea   0x00000000   Code   RO         1679    .ARM.Collect$$libshutdown$$0000000C  c_w.l(libshutdown2.o)
    0x000002ea   0x000002ea   0x00000000   Code   RO         1682    .ARM.Collect$$libshutdown$$0000000F  c_w.l(libshutdown2.o)
    0x000002ea   0x000002ea   0x00000002   Code   RO         1683    .ARM.Collect$$libshutdown$$00000010  c_w.l(libshutdown2.o)
    0x000002ec   0x000002ec   0x00000000   Code   RO         1553    .ARM.Collect$$rtentry$$00000000  c_w.l(__rtentry.o)
    0x000002ec   0x000002ec   0x00000000   Code   RO         1559    .ARM.Collect$$rtentry$$00000002  c_w.l(__rtentry2.o)
    0x000002ec   0x000002ec   0x00000006   Code   RO         1571    .ARM.Collect$$rtentry$$00000004  c_w.l(__rtentry4.o)
    0x000002f2   0x000002f2   0x00000000   Code   RO         1561    .ARM.Collect$$rtentry$$00000009  c_w.l(__rtentry2.o)
    0x000002f2   0x000002f2   0x00000004   Code   RO         1562    .ARM.Collect$$rtentry$$0000000A  c_w.l(__rtentry2.o)
    0x000002f6   0x000002f6   0x00000000   Code   RO         1564    .ARM.Collect$$rtentry$$0000000C  c_w.l(__rtentry2.o)
    0x000002f6   0x000002f6   0x00000008   Code   RO         1565    .ARM.Collect$$rtentry$$0000000D  c_w.l(__rtentry2.o)
    0x000002fe   0x000002fe   0x00000002   Code   RO         1586    .ARM.Collect$$rtexit$$00000000  c_w.l(rtexit.o)
    0x00000300   0x00000300   0x00000000   Code   RO         1634    .ARM.Collect$$rtexit$$00000002  c_w.l(rtexit2.o)
    0x00000300   0x00000300   0x00000004   Code   RO         1635    .ARM.Collect$$rtexit$$00000003  c_w.l(rtexit2.o)
    0x00000304   0x00000304   0x00000006   Code   RO         1636    .ARM.Collect$$rtexit$$00000004  c_w.l(rtexit2.o)
    0x0000030a   0x0000030a   0x00000002   PAD
    0x0000030c   0x0000030c   0x00000114   Code   RO           81  * .text               startup_tm4c123.o
    0x00000420   0x00000420   0x0000008a   Code   RO         1545    .text               c_w.l(rt_memcpy_v6.o)
    0x000004aa   0x000004aa   0x00000010   Code   RO         1547    .text               c_w.l(aeabi_memset4.o)
    0x000004ba   0x000004ba   0x00000006   Code   RO         1549    .text               c_w.l(heapauxi.o)
    0x000004c0   0x000004c0   0x00000064   Code   RO         1554    .text               c_w.l(rt_memcpy_w.o)
    0x00000524   0x00000524   0x0000004e   Code   RO         1556    .text               c_w.l(rt_memclr_w.o)
    0x00000572   0x00000572   0x0000004a   Code   RO         1573    .text               c_w.l(sys_stackheap_outer.o)
    0x000005bc   0x000005bc   0x00000012   Code   RO         1575    .text               c_w.l(exit.o)
    0x000005ce   0x000005ce   0x00000002   PAD
    0x000005d0   0x000005d0   0x00000008   Code   RO         1583    .text               c_w.l(libspace.o)
    0x000005d8   0x000005d8   0x0000000c   Code   RO         1644    .text               c_w.l(sys_exit.o)
    0x000005e4   0x000005e4   0x00000002   Code   RO         1659    .text               c_w.l(use_no_semi.o)
    0x000005e6   0x000005e6   0x00000000   Code   RO         1661    .text               c_w.l(indicate_semi.o)
    0x000005e6   0x000005e6   0x00000002   PAD
    0x000005e8   0x000005e8   0x0000003c   Code   RO           10    .text.ByteToStr     main.o
    0x00000624   0x00000624   0x0000000a   Code   RO           37    .text.LCD_clear     lcd_module.o
    0x0000062e   0x0000062e   0x00000002   PAD
    0x00000630   0x00000630   0x0000004c   Code   RO           31    .text.LCD_command   lcd_module.o
    0x0000067c   0x0000067c   0x00000010   Code   RO           49    .text.LCD_init      lcd_module.o
    0x0000068c   0x0000068c   0x0000001c   Code   RO           41    .text.LCD_print     lcd_module.o
    0x000006a8   0x000006a8   0x0000000a   Code   RO           39    .text.LCD_secondLine  lcd_module.o
    0x000006b2   0x000006b2   0x00000002   PAD
    0x000006b4   0x000006b4   0x00000046   Code   RO           47    .text.LCD_start     lcd_module.o
    0x000006fa   0x000006fa   0x00000002   PAD
    0x000006fc   0x000006fc   0x00000046   Code   RO           35    .text.LCD_write     lcd_module.o
    0x00000742   0x00000742   0x0000000e   PAD
    0x00000750   0x00000750   0x00000064   Code   RO          143    .text.PendSV_Handler  port.o
    0x000007b4   0x000007b4   0x0000002e   Code   RO            4    .text.Read_From_Keyboard  main.o
    0x000007e2   0x000007e2   0x00000002   PAD
    0x000007e4   0x000007e4   0x00000038   Code   RO            6    .text.Read_Time     main.o
    0x0000081c   0x0000081c   0x00000004   PAD
    0x00000820   0x00000820   0x00000024   Code   RO          127    .text.SVC_Handler   port.o
    0x00000844   0x00000844   0x0000002e   Code   RO          145    .text.SysTick_Handler  port.o
    0x00000872   0x00000872   0x00000002   PAD
    0x00000874   0x00000874   0x00000070   Code   RO           92    .text.SystemInit    system_tm4c123.o
    0x000008e4   0x000008e4   0x000000be   Code   RO            8    .text.Task2         main.o
    0x000009a2   0x000009a2   0x00000002   PAD
    0x000009a4   0x000009a4   0x0000016c   Code   RO           12    .text.Task3         main.o
    0x00000b10   0x00000b10   0x0000007e   Code   RO            2    .text.Taskl         main.o
    0x00000b8e   0x00000b8e   0x00000002   PAD
    0x00000b90   0x00000b90   0x00000016   Code   RO           69    .text.UART_Data_Ready  uart_module.o
    0x00000ba6   0x00000ba6   0x00000002   PAD
    0x00000ba8   0x00000ba8   0x0000005e   Code   RO           59    .text.UART_init     uart_module.o
    0x00000c06   0x00000c06   0x00000002   PAD
    0x00000c08   0x00000c08   0x00000014   Code   RO           61    .text.UART_receive  uart_module.o
    0x00000c1c   0x00000c1c   0x00000012   Code   RO           63    .text.UART_send     uart_module.o
    0x00000c2e   0x00000c2e   0x00000002   PAD
    0x00000c30   0x00000c30   0x0000001c   Code   RO           67    .text.UART_send_string  uart_module.o
    0x00000c4c   0x00000c4c   0x0000001c   Code   RO           33    .text.delay_ms      lcd_module.o
    0x00000c68   0x00000c68   0x0000003c   Code   RO          362    .text.eTaskConfirmSleepModeStatus  tasks.o
    0x00000ca4   0x00000ca4   0x00000036   Code   RO           45    .text.initCtrlPort  lcd_module.o
    0x00000cda   0x00000cda   0x00000002   PAD
    0x00000cdc   0x00000cdc   0x0000003a   Code   RO           43    .text.initDataPort  lcd_module.o
    0x00000d16   0x00000d16   0x00000002   PAD
    0x00000d18   0x00000d18   0x000000b0   Code   RO           14    .text.main          main.o
    0x00000dc8   0x00000dc8   0x000000aa   Code   RO          286    .text.prvAddCurrentTaskToDelayedList  tasks.o
    0x00000e72   0x00000e72   0x00000002   PAD
    0x00000e74   0x00000e74   0x000000ae   Code   RO          274    .text.prvAddNewTaskToReadyList  tasks.o
    0x00000f22   0x00000f22   0x00000002   PAD
    0x00000f24   0x00000f24   0x0000004e   Code   RO          402    .text.prvCheckTasksWaitingTermination  tasks.o
    0x00000f72   0x00000f72   0x00000002   PAD
    0x00000f74   0x00000f74   0x00000026   Code   RO          222    .text.prvCopyDataFromQueue  queue.o
    0x00000f9a   0x00000f9a   0x00000002   PAD
    0x00000f9c   0x00000f9c   0x0000007a   Code   RO          208    .text.prvCopyDataToQueue  queue.o
    0x00001016   0x00001016   0x00000002   PAD
    0x00001018   0x00001018   0x00000012   Code   RO          278    .text.prvDeleteTCB  tasks.o
    0x0000102a   0x0000102a   0x00000002   PAD
    0x0000102c   0x0000102c   0x00000044   Code   RO          404    .text.prvGetExpectedIdleTime  tasks.o
    0x00001070   0x00001070   0x00000072   Code   RO          312    .text.prvIdleTask   tasks.o
    0x000010e2   0x000010e2   0x00000002   PAD
    0x000010e4   0x000010e4   0x00000024   Code   RO          188    .text.prvInitialiseNewQueue  queue.o
    0x00001108   0x00001108   0x0000009c   Code   RO          272    .text.prvInitialiseNewTask  tasks.o
    0x000011a4   0x000011a4   0x0000006e   Code   RO          400    .text.prvInitialiseTaskLists  tasks.o
    0x00001212   0x00001212   0x00000002   PAD
    0x00001214   0x00001214   0x00000018   Code   RO          224    .text.prvIsQueueEmpty  queue.o
    0x0000122c   0x0000122c   0x0000001c   Code   RO          212    .text.prvIsQueueFull  queue.o
    0x00001248   0x00001248   0x00000076   Code   RO          210    .text.prvNotifyQueueSetContainer  queue.o
    0x000012be   0x000012be   0x00000002   PAD
    0x000012c0   0x000012c0   0x00000028   Code   RO          135    .text.prvPortStartFirstTask  port.o
    0x000012e8   0x000012e8   0x00000028   Code   RO          280    .text.prvResetNextTaskUnblockTime  tasks.o
    0x00001310   0x00001310   0x00000032   Code   RO          125    .text.prvTaskExitError  port.o
    0x00001342   0x00001342   0x00000002   PAD
    0x00001344   0x00001344   0x00000086   Code   RO          214    .text.prvUnlockQueue  queue.o
    0x000013ca   0x000013ca   0x00000002   PAD
    0x000013cc   0x000013cc   0x0000005a   Code   RO          165    .text.pvPortMalloc  heap_1.o
    0x00001426   0x00001426   0x00000002   PAD
    0x00001428   0x00001428   0x00000028   Code   RO          123    .text.pxPortInitialiseStack  port.o
    0x00001450   0x00001450   0x00000024   Code   RO          113    .text.uxListRemove  list.o
    0x00001474   0x00001474   0x00000016   Code   RO          105    .text.vListInitialise  list.o
    0x0000148a   0x0000148a   0x00000002   PAD
    0x0000148c   0x0000148c   0x00000006   Code   RO          107    .text.vListInitialiseItem  list.o
    0x00001492   0x00001492   0x00000002   PAD
    0x00001494   0x00001494   0x0000003a   Code   RO          111    .text.vListInsert   list.o
    0x000014ce   0x000014ce   0x00000002   PAD
    0x000014d0   0x000014d0   0x0000001c   Code   RO          109    .text.vListInsertEnd  list.o
    0x000014ec   0x000014ec   0x00000014   Code   RO          133    .text.vPortEnableVFP  port.o
    0x00001500   0x00001500   0x00000046   Code   RO          139    .text.vPortEnterCritical  port.o
    0x00001546   0x00001546   0x00000002   PAD
    0x00001548   0x00001548   0x0000002e   Code   RO          141    .text.vPortExitCritical  port.o
    0x00001576   0x00001576   0x00000002   PAD
    0x00001578   0x00001578   0x0000001a   Code   RO          167    .text.vPortFree     heap_1.o
    0x00001592   0x00001592   0x00000002   PAD
    0x00001594   0x00001594   0x00000064   Code   RO          131    .text.vPortSetupTimerInterrupt  port.o
    0x000015f8   0x000015f8   0x00000114   Code   RO          147    .text.vPortSuppressTicksAndSleep  port.o
    0x0000170c   0x0000170c   0x00000054   Code   RO          290    .text.vTaskDelay    tasks.o
    0x00001760   0x00001760   0x000000a8   Code   RO          282    .text.vTaskDelayUntil  tasks.o
    0x00001808   0x00001808   0x0000001a   Code   RO          352    .text.vTaskInternalSetTimeOutState  tasks.o
    0x00001822   0x00001822   0x00000002   PAD
    0x00001824   0x00001824   0x0000000e   Code   RO          356    .text.vTaskMissedYield  tasks.o
    0x00001832   0x00001832   0x00000002   PAD
    0x00001834   0x00001834   0x00000032   Code   RO          342    .text.vTaskPlaceOnEventList  tasks.o
    0x00001866   0x00001866   0x00000002   PAD
    0x00001868   0x00001868   0x00000088   Code   RO          310    .text.vTaskStartScheduler  tasks.o
    0x000018f0   0x000018f0   0x00000036   Code   RO          336    .text.vTaskStepTick  tasks.o
    0x00001926   0x00001926   0x00000002   PAD
    0x00001928   0x00001928   0x00000010   Code   RO          284    .text.vTaskSuspendAll  tasks.o
    0x00001938   0x00001938   0x00000086   Code   RO          302    .text.vTaskSwitchContext  tasks.o
    0x000019be   0x000019be   0x00000002   PAD
    0x000019c0   0x000019c0   0x00000112   Code   RO          129    .text.xPortStartScheduler  port.o
    0x00001ad2   0x00001ad2   0x00000002   PAD
    0x00001ad4   0x00001ad4   0x00000042   Code   RO          186    .text.xQueueGenericCreate  queue.o
    0x00001b16   0x00001b16   0x00000002   PAD
    0x00001b18   0x00001b18   0x0000007e   Code   RO          184    .text.xQueueGenericReset  queue.o
    0x00001b96   0x00001b96   0x00000002   PAD
    0x00001b98   0x00001b98   0x000001d0   Code   RO          200    .text.xQueueGenericSend  queue.o
    0x00001d68   0x00001d68   0x00000184   Code   RO          220    .text.xQueueReceive  queue.o
    0x00001eec   0x00001eec   0x000000a2   Code   RO          354    .text.xTaskCheckForTimeOut  tasks.o
    0x00001f8e   0x00001f8e   0x00000002   PAD
    0x00001f90   0x00001f90   0x00000060   Code   RO          270    .text.xTaskCreate   tasks.o
    0x00001ff0   0x00001ff0   0x00000026   Code   RO          374    .text.xTaskGetSchedulerState  tasks.o
    0x00002016   0x00002016   0x00000002   PAD
    0x00002018   0x00002018   0x0000000c   Code   RO          318    .text.xTaskGetTickCount  tasks.o
    0x00002024   0x00002024   0x00000164   Code   RO          316    .text.xTaskIncrementTick  tasks.o
    0x00002188   0x00002188   0x00000092   Code   RO          378    .text.xTaskPriorityDisinherit  tasks.o
    0x0000221a   0x0000221a   0x00000002   PAD
    0x0000221c   0x0000221c   0x0000009c   Code   RO          346    .text.xTaskRemoveFromEventList  tasks.o
    0x000022b8   0x000022b8   0x00000118   Code   RO          288    .text.xTaskResumeAll  tasks.o
    0x000023d0   0x000023d0   0x00000028   Code   RO          439    i.GPIODirModeSet    driverlib.lib(gpio.o)
    0x000023f8   0x000023f8   0x00000170   Code   RO          451    i.GPIOPadConfigSet  driverlib.lib(gpio.o)
    0x00002568   0x00002568   0x00000044   Code   RO          452    i.GPIOPinConfigure  driverlib.lib(gpio.o)
    0x000025ac   0x000025ac   0x0000001c   Code   RO          463    i.GPIOPinTypeGPIOOutput  driverlib.lib(gpio.o)
    0x000025c8   0x000025c8   0x0000001c   Code   RO          475    i.GPIOPinTypeUART   driverlib.lib(gpio.o)
    0x000025e4   0x000025e4   0x00000006   Code   RO          481    i.GPIOPinWrite      driverlib.lib(gpio.o)
    0x000025ea   0x000025ea   0x00000002   PAD
    0x000025ec   0x000025ec   0x00000154   Code   RO          775    i.SysCtlClockGet    driverlib.lib(sysctl.o)
    0x00002740   0x00002740   0x00000028   Code   RO          806    i.SysCtlPeripheralEnable  driverlib.lib(sysctl.o)
    0x00002768   0x00002768   0x0000002c   Code   RO          810    i.SysCtlPeripheralReady  driverlib.lib(sysctl.o)
    0x00002794   0x00002794   0x00000006   Code   RO         1138    i.UARTClockSourceSet  driverlib.lib(uart.o)
    0x0000279a   0x0000279a   0x0000006e   Code   RO         1140    i.UARTConfigSetExpClk  driverlib.lib(uart.o)
    0x00002808   0x00002808   0x0000001a   Code   RO         1642    x$fpl$fpinit        fz_wm.l(fpinit.o)
    0x00002822   0x00002822   0x00000002   PAD
    0x00002824   0x00002824   0x00000228   Data   RO          484    .constdata          driverlib.lib(gpio.o)
    0x00002a4c   0x00002a4c   0x00000254   Data   RO          828    .constdata          driverlib.lib(sysctl.o)
    0x00002ca0   0x00002ca0   0x00000002   Data   RO           21    .rodata.str1.1      main.o
    0x00002ca2   0x00002ca2   0x00000002   PAD
    0x00002ca4   0x00002ca4   0x00000020   Data   RO         1717    Region$$Table       anon$$obj.o


    Execution Region ER_RW (Exec base: 0x20000000, Load base: 0x00002cc4, Size: 0x00000078, Max: 0xffffffff, ABSOLUTE)

    Exec Addr    Load Addr    Size         Type   Attr      Idx    E Section Name        Object

    0x20000000   0x00002cc4   0x00000004   Data   RW           94    .data.SystemCoreClock  system_tm4c123.o
    0x20000004   0x00002cc8   0x00000064   Data   RW           16    .data.cities        main.o
    0x20000068   0x00002d2c   0x0000000a   Data   RW           17    .data.timediff      main.o
    0x20000072   0x00002d36   0x00000002   PAD
    0x20000074   0x00002d38   0x00000004   Data   RW          153    .data.uxCriticalNesting  port.o


    Execution Region ER_ZI (Exec base: 0x20000078, Load base: 0x00002d3c, Size: 0x00001390, Max: 0xffffffff, ABSOLUTE)

    Exec Addr    Load Addr    Size         Type   Attr      Idx    E Section Name        Object

    0x20000078        -       0x00000060   Zero   RW         1584    .bss                c_w.l(libspace.o)
    0x200000d8        -       0x00000004   Zero   RW          173    .bss.pvPortMalloc.pucAlignedHeap  heap_1.o
    0x200000dc        -       0x00000004   Zero   RW          406    .bss.pxCurrentTCB   tasks.o
    0x200000e0        -       0x00000004   Zero   RW          416    .bss.pxDelayedTaskList  tasks.o
    0x200000e4        -       0x00000004   Zero   RW          417    .bss.pxOverflowDelayedTaskList  tasks.o
    0x200000e8        -       0x00000064   Zero   RW          407    .bss.pxReadyTasksLists  tasks.o
    0x2000014c        -       0x00000004   Zero   RW           20    .bss.selection      main.o
    0x20000150        -       0x00001000   Zero   RW          174    .bss.ucHeap         heap_1.o
    0x20001150        -       0x00000001   Zero   RW          151    .bss.ucMaxSysCallPriority  port.o
    0x20001151   0x00002d3c   0x00000003   PAD
    0x20001154        -       0x00000004   Zero   RW          152    .bss.ulMaxPRIGROUPValue  port.o
    0x20001158        -       0x00000001   Zero   RW          156    .bss.ulStoppedTimerCompensation  port.o
    0x20001159   0x00002d3c   0x00000003   PAD
    0x2000115c        -       0x00000004   Zero   RW          155    .bss.ulTimerCountsForOneTick  port.o
    0x20001160        -       0x00000004   Zero   RW          412    .bss.uxCurrentNumberOfTasks  tasks.o
    0x20001164        -       0x00000004   Zero   RW          411    .bss.uxDeletedTasksWaitingCleanUp  tasks.o
    0x20001168        -       0x00000004   Zero   RW          414    .bss.uxSchedulerSuspended  tasks.o
    0x2000116c        -       0x00000004   Zero   RW          409    .bss.uxTaskNumber   tasks.o
    0x20001170        -       0x00000004   Zero   RW          408    .bss.uxTopReadyPriority  tasks.o
    0x20001174        -       0x00000014   Zero   RW          425    .bss.xDelayedTaskList1  tasks.o
    0x20001188        -       0x00000014   Zero   RW          426    .bss.xDelayedTaskList2  tasks.o
    0x2000119c        -       0x00000004   Zero   RW          420    .bss.xIdleTaskHandle  tasks.o
    0x200011a0        -       0x00000004   Zero   RW          154    .bss.xMaximumPossibleSuppressedTicks  port.o
    0x200011a4        -       0x00000004   Zero   RW          175    .bss.xNextFreeByte  heap_1.o
    0x200011a8        -       0x00000004   Zero   RW          421    .bss.xNextTaskUnblockTime  tasks.o
    0x200011ac        -       0x00000004   Zero   RW          424    .bss.xNumOfOverflows  tasks.o
    0x200011b0        -       0x00000004   Zero   RW          423    .bss.xPendedTicks   tasks.o
    0x200011b4        -       0x00000014   Zero   RW          419    .bss.xPendingReadyList  tasks.o
    0x200011c8        -       0x00000004   Zero   RW           19    .bss.xQueue1        main.o
    0x200011cc        -       0x00000004   Zero   RW           18    .bss.xQueue2        main.o
    0x200011d0        -       0x00000004   Zero   RW          413    .bss.xSchedulerRunning  tasks.o
    0x200011d4        -       0x00000014   Zero   RW          418    .bss.xSuspendedTaskList  tasks.o
    0x200011e8        -       0x00000014   Zero   RW          410    .bss.xTasksWaitingTermination  tasks.o
    0x200011fc        -       0x00000004   Zero   RW          415    .bss.xTickCount     tasks.o
    0x20001200        -       0x00000004   Zero   RW          422    .bss.xYieldPending  tasks.o
    0x20001204   0x00002d3c   0x00000004   PAD
    0x20001208        -       0x00000000   Zero   RW           79    HEAP                startup_tm4c123.o
    0x20001208        -       0x00000200   Zero   RW           78    STACK               startup_tm4c123.o


==============================================================================

Image component sizes


      Code (inc. data)   RO Data    RW Data    ZI Data      Debug   Object Name

       116          0          0          0       4104       1718   heap_1.o
       420          0          0          0          0       1833   lcd_module.o
       150          0          0          0          0       2299   list.o
      1018        196          2        110         12       3119   main.o
      1098         16          0          4         14       4976   port.o
      1544          0          0          0          0      21671   queue.o
       276         24        620          0        512       5456   startup_tm4c123.o
       112          0          0          4          0       6492   system_tm4c123.o
      2916          8          0          0        260      30912   tasks.o
       182          0          0          0          0       1365   uart_module.o

    ----------------------------------------------------------------------
      7932        244        656        120       4912      79841   Object Totals
         0          0         32          0          0          0   (incl. Generated)
       100          0          2          2         10          0   (incl. Padding)

    ----------------------------------------------------------------------

      Code (inc. data)   RO Data    RW Data    ZI Data      Debug   Library Member Name

         8          0          0          0          0         68   __main.o
         0          0          0          0          0          0   __rtentry.o
        12          0          0          0          0          0   __rtentry2.o
         6          0          0          0          0          0   __rtentry4.o
        52          8          0          0          0          0   __scatter.o
        26          0          0          0          0          0   __scatter_copy.o
        28          0          0          0          0          0   __scatter_zi.o
        16          0          0          0          0         68   aeabi_memset4.o
        18          0          0          0          0         80   exit.o
         6          0          0          0          0        152   heapauxi.o
         0          0          0          0          0          0   indicate_semi.o
         2          0          0          0          0          0   libinit.o
         6          0          0          0          0          0   libinit2.o
         2          0          0          0          0          0   libshutdown.o
         2          0          0          0          0          0   libshutdown2.o
         8          4          0          0         96         68   libspace.o
        78          0          0          0          0         80   rt_memclr_w.o
       138          0          0          0          0         68   rt_memcpy_v6.o
       100          0          0          0          0         80   rt_memcpy_w.o
         2          0          0          0          0          0   rtexit.o
        10          0          0          0          0          0   rtexit2.o
        12          4          0          0          0         68   sys_exit.o
        74          0          0          0          0         80   sys_stackheap_outer.o
         2          0          0          0          0         68   use_no_semi.o
       538         22        552          0          0       9120   gpio.o
       424         44        596          0          0       3674   sysctl.o
       116          0          0          0          0       2072   uart.o
        26          0          0          0          0        116   fpinit.o

    ----------------------------------------------------------------------
      1724         82       1148          0         96      15862   Library Totals
        12          0          0          0          0          0   (incl. Padding)

    ----------------------------------------------------------------------

      Code (inc. data)   RO Data    RW Data    ZI Data      Debug   Library Name

       608         16          0          0         96        880   c_w.l
      1078         66       1148          0          0      14866   driverlib.lib
        26          0          0          0          0        116   fz_wm.l

    ----------------------------------------------------------------------
      1724         82       1148          0         96      15862   Library Totals

    ----------------------------------------------------------------------

==============================================================================


      Code (inc. data)   RO Data    RW Data    ZI Data      Debug   

      9656        326       1804        120       5008      94511   Grand Totals
      9656        326       1804        120       5008      94511   ELF Image Totals
      9656        326       1804        120          0          0   ROM Totals

==============================================================================

    Total RO  Size (Code + RO Data)                11460 (  11.19kB)
    Total RW  Size (RW Data + ZI Data)              5128 (   5.01kB)
    Total ROM Size (Code + RO Data + RW Data)      11580 (  11.31kB)

==============================================================================

